
Allocating common symbols
Common symbol       size              file

netbufpool          0x4               binaries/net.o
readylist           0x2               binaries/ready.o
rfltab              0x5a0             binaries/rflinit.o
sleepq              0x2               binaries/clkinit.o
nnames              0x4               binaries/naminit.o
udptab              0x168             binaries/udp.o
minheap             0x4               binaries/meminit.o
marks               0x50              binaries/mark.o
currpid             0x4               binaries/initialize.o
Lf_data             0x20c             binaries/lfsinit.o
porttab             0x2d0             binaries/ptinit.o
girmask             0x2               binaries/evec.o
ttytab              0x10c             binaries/ttyinit.o
proctab             0x20d0            binaries/initialize.o
prcount             0x4               binaries/initialize.o
lfltab              0xf00             binaries/lflinit.o
rdstab              0x8c              binaries/rdsinit.o
ethertab            0x138             binaries/ethinit.o
NetData             0xa8              binaries/net.o
nmarks              0x4               binaries/mark.o
Defer               0x8               binaries/resched.o
semtab              0x4b0             binaries/initialize.o
maxheap             0x4               binaries/meminit.o
preempt             0x4               binaries/clkinit.o
buftab              0xf0              binaries/bufinit.o
Rf_data             0x18              binaries/rfsinit.o
mkmutex             0x4               binaries/mark.o
clktime             0x4               binaries/clkinit.o
arpcache            0x140             binaries/arp.o
icmptab             0x230             binaries/icmp.o
nbpools             0x4               binaries/bufinit.o
queuetab            0x12e0            binaries/queue.o
ptnextid            0x4               binaries/ptinit.o
Ram                 0x19000           binaries/raminit.o
ipoqueue            0x2c              binaries/ip.o
memlist             0x8               binaries/initialize.o
nametab             0x19a0            binaries/naminit.o
ptfree              0x4               binaries/ptinit.o

Discarded input sections

 .group         0x0000000000000000        0x8 binaries/ascdate.o
 .group         0x0000000000000000        0x8 binaries/bufinit.o
 .group         0x0000000000000000        0x8 binaries/cbreg.o
 .text.__x86.get_pc_thunk.bx
                0x0000000000000000        0x4 binaries/cbreg.o
 .group         0x0000000000000000        0x8 binaries/chprio.o
 .text.__x86.get_pc_thunk.bx
                0x0000000000000000        0x4 binaries/chprio.o
 .group         0x0000000000000000        0x8 binaries/clkhandler.o
 .text.__x86.get_pc_thunk.bx
                0x0000000000000000        0x4 binaries/clkhandler.o
 .group         0x0000000000000000        0x8 binaries/clkinit.o
 .text.__x86.get_pc_thunk.bx
                0x0000000000000000        0x4 binaries/clkinit.o
 .group         0x0000000000000000        0x8 binaries/close.o
 .text.__x86.get_pc_thunk.bx
                0x0000000000000000        0x4 binaries/close.o
 .group         0x0000000000000000        0x8 binaries/control.o
 .text.__x86.get_pc_thunk.bx
                0x0000000000000000        0x4 binaries/control.o
 .group         0x0000000000000000        0x8 binaries/create.o
 .text.__x86.get_pc_thunk.bx
                0x0000000000000000        0x4 binaries/create.o
 .group         0x0000000000000000        0x8 binaries/early_imr.o
 .text.__x86.get_pc_thunk.bx
                0x0000000000000000        0x4 binaries/early_imr.o
 .group         0x0000000000000000        0x8 binaries/evec.o
 .text.__x86.get_pc_thunk.bx
                0x0000000000000000        0x4 binaries/evec.o
 .group         0x0000000000000000        0x8 binaries/freebuf.o
 .text.__x86.get_pc_thunk.bx
                0x0000000000000000        0x4 binaries/freebuf.o
 .group         0x0000000000000000        0x8 binaries/freemem.o
 .text.__x86.get_pc_thunk.bx
                0x0000000000000000        0x4 binaries/freemem.o
 .group         0x0000000000000000        0x8 binaries/getbuf.o
 .text.__x86.get_pc_thunk.bx
                0x0000000000000000        0x4 binaries/getbuf.o
 .group         0x0000000000000000        0x8 binaries/getc.o
 .text.__x86.get_pc_thunk.bx
                0x0000000000000000        0x4 binaries/getc.o
 .group         0x0000000000000000        0x8 binaries/getdev.o
 .text.__x86.get_pc_thunk.bx
                0x0000000000000000        0x4 binaries/getdev.o
 .group         0x0000000000000000        0x8 binaries/getitem.o
 .group         0x0000000000000000        0x8 binaries/getitem.o
 .text.__x86.get_pc_thunk.ax
                0x0000000000000000        0x4 binaries/getitem.o
 .group         0x0000000000000000        0x8 binaries/getmem.o
 .text.__x86.get_pc_thunk.bx
                0x0000000000000000        0x4 binaries/getmem.o
[...]
Memory Configuration

Name             Origin             Length             Attributes
*default*        0x0000000000000000 0xffffffffffffffff

Linker script and memory map

                0x0000000000100000                physbase = 0x100000
                0x0000000000100000                . = physbase
                0x0000000000100000                . = ALIGN (0x1000)

.text           0x0000000000100000    0x16000
                0x0000000000100000                text = ABSOLUTE (.)
 *(.text .text.*)
 .text          0x0000000000100000      0x1a8 binaries/start.o
                0x0000000000100024                start
                0x00000000001000f6                inb
                0x00000000001000fe                inw
                0x0000000000100107                inl
                0x000000000010010f                outb
                0x0000000000100119                outw
                0x0000000000100124                outl
                0x000000000010012e                _rtcin
                0x0000000000100139                ___udivsi3
                0x0000000000100144                ___divsi3
                0x0000000000100150                sbzero
                0x0000000000100160                bcopy
                0x0000000000100174                insw
                0x000000000010018a                outsw
                0x00000000001001a0                lidt
 .text          0x00000000001001a8      0x2e5 binaries/ascdate.o
                0x00000000001001a8                ascdate
 .text.__x86.get_pc_thunk.bx
                0x000000000010048d        0x4 binaries/ascdate.o
                0x000000000010048d                __x86.get_pc_thunk.bx
 .text          0x0000000000100491       0x1c binaries/bufinit.o
                0x0000000000100491                bufinit
 .text.__x86.get_pc_thunk.ax
                0x00000000001004ad        0x4 binaries/bufinit.o
                0x00000000001004ad                __x86.get_pc_thunk.ax
 .text          0x00000000001004b1       0x7c binaries/cbreg.o
                0x00000000001004b1                cbreg
 .text          0x000000000010052d       0x7d binaries/chprio.o
                0x000000000010052d                chprio
 .text          0x00000000001005aa       0x8f binaries/clkhandler.o
                0x00000000001005aa                clkhandler
 .text          0x0000000000100639       0x6e binaries/clkinit.o
                0x0000000000100639                clkinit
 .text          0x00000000001006a7       0x5c binaries/close.o
                0x00000000001006a7                close
 .text          0x0000000000100703        0x0 binaries/conf.o
 .text          0x0000000000100703       0x65 binaries/control.o
                0x0000000000100703                control
 .text          0x0000000000100768      0x235 binaries/create.o
                0x0000000000100768                create
 .text          0x000000000010099d      0x23b binaries/early_imr.o
                0x000000000010099d                intel_cln_early_sb_read_reg
                0x0000000000100a04                intel_cln_early_sb_write_reg
                0x0000000000100ac3                remove_irm_protections
 .text          0x0000000000100bd8      0x36d binaries/evec.o
                0x0000000000100bd8                setirmask
                0x0000000000100c29                set_evec
                0x0000000000100c9d                initevec
                0x0000000000100d7e                trap
 .text          0x0000000000100f45       0x91 binaries/freebuf.o
                0x0000000000100f45                freebuf
 .text          0x0000000000100fd6      0x123 binaries/freemem.o
                0x0000000000100fd6                freemem
 .text          0x00000000001010f9       0x75 binaries/getbuf.o
                0x00000000001010f9                getbuf
 .text          0x000000000010116e       0x5c binaries/getc.o
                0x000000000010116e                getc
 .text          0x00000000001011ca       0x79 binaries/getdev.o
                0x00000000001011ca                getdev
 .text          0x0000000000101243       0x96 binaries/getitem.o
                0x0000000000101243                getitem
                0x0000000000101276                getfirst
                0x00000000001012a6                getlast
 .text.__x86.get_pc_thunk.dx
                0x00000000001012d9        0x4 binaries/getitem.o
                0x00000000001012d9                __x86.get_pc_thunk.dx
 .text          0x00000000001012dd       0xce binaries/getmem.o
                0x00000000001012dd                getmem
 .text          0x00000000001013ab       0x13 binaries/getpid.o
                0x00000000001013ab                getpid
 .text          0x00000000001013be       0x6e binaries/getprio.o
                0x00000000001013be                getprio
 .text          0x000000000010142c       0xc0 binaries/getstk.o
                0x000000000010142c                getstk
 .text          0x00000000001014ec       0x41 binaries/gettime.o
                0x00000000001014ec                gettime
 .text          0x000000000010152d      0x1d5 binaries/getutime.o
                0x000000000010152d                getutime
 .text          0x0000000000101702       0x5c binaries/init.o
                0x0000000000101702                init
 .text          0x000000000010175e      0x28d binaries/initialize.o
                0x000000000010175e                nulluser
                0x0000000000101996                stop
                0x00000000001019c8                delay
 .text          0x00000000001019eb       0x98 binaries/insert.o
                0x00000000001019eb                insert
 .text.__x86.get_pc_thunk.di
                0x0000000000101a83        0x4 binaries/insert.o
                0x0000000000101a83                __x86.get_pc_thunk.di
 .text          0x0000000000101a87       0xf7 binaries/insertd.o
                0x0000000000101a87                insertd
 .text          0x0000000000101b7e        0x6 binaries/ioerr.o
                0x0000000000101b7e                ioerr
 .text          0x0000000000101b84        0x6 binaries/ionull.o
                0x0000000000101b84                ionull
 .text          0x0000000000101b8a      0x1b4 binaries/kill.o
                0x0000000000101b8a                kill
 .text          0x0000000000101d3e       0xe2 binaries/kprintf.o
                0x0000000000101d3e                kputc
                0x0000000000101d7c                console_init
                0x0000000000101dc0                kgetc
                0x0000000000101def                kprintf
 .text          0x0000000000101e20      0x464 binaries/main.o
                0x0000000000101e20                receiver
                0x0000000000101e5d                receiver_callback
                0x0000000000101e93                sender
                0x0000000000101ee1                sender_no_blk
                0x0000000000101f2f                test_reg_cb
                0x0000000000101f68                main
 .text          0x0000000000102284       0xb3 binaries/mark.o
                0x0000000000102284                markinit
                0x00000000001022b3                mark
 .text          0x0000000000102337      0x22c binaries/meminit.o
                0x0000000000102337                meminit
                0x00000000001024dd                setsegs
 .text          0x0000000000102563      0x14a binaries/mkbufpool.o
                0x0000000000102563                mkbufpool
 .text          0x00000000001026ad       0x5e binaries/newqueue.o
                0x00000000001026ad                newqueue
 .text.__x86.get_pc_thunk.cx
                0x000000000010270b        0x4 binaries/newqueue.o
                0x000000000010270b                __x86.get_pc_thunk.cx
 .text          0x000000000010270f       0x64 binaries/open.o
                0x000000000010270f                open
 .text          0x0000000000102773       0x2c binaries/panic.o
                0x0000000000102773                panic
 .text          0x000000000010279f      0x280 binaries/pci.o
                0x000000000010279f                pci_init
                0x00000000001027a5                find_pci_device
                0x0000000000102867                pci_read_config_byte
                0x00000000001028a4                pci_read_config_word
                0x00000000001028e3                pci_read_config_dword
                0x0000000000102920                pci_write_config_byte
                0x000000000010295b                pci_write_config_word
                0x0000000000102997                pci_write_config_dword
                0x00000000001029d2                pci_get_dev_mmio_base_addr
 .text          0x0000000000102a1f       0x68 binaries/platinit.o
                0x0000000000102a1f                platinit
 .text          0x0000000000102a87       0xab binaries/ptclear.o
                0x0000000000102a87                _ptclear
 .text          0x0000000000102b32       0x9f binaries/ptcount.o
                0x0000000000102b32                ptcount
 .text          0x0000000000102bd1       0xf4 binaries/ptcreate.o
                0x0000000000102bd1                ptcreate
 .text          0x0000000000102cc5       0x70 binaries/ptdelete.o
                0x0000000000102cc5                ptdelete
 .text          0x0000000000102d35       0xa0 binaries/ptinit.o
                0x0000000000102d35                ptinit
 .text          0x0000000000102dd5      0x123 binaries/ptrecv.o
                0x0000000000102dd5                ptrecv
 .text          0x0000000000102ef8       0x68 binaries/ptreset.o
                0x0000000000102ef8                ptreset
 .text          0x0000000000102f60      0x15c binaries/ptsend.o
                0x0000000000102f60                ptsend
 .text          0x00000000001030bc       0x6e binaries/putc.o
                0x00000000001030bc                putc
 .text          0x000000000010312a       0xc3 binaries/quark_irq.o
                0x000000000010312a                quark_irq_routing
 .text          0x00000000001031ed      0x1bb binaries/quark_pdat.o
                0x00000000001031ed                get_quark_pdat_entry_data_by_id
                0x00000000001032c6                get_quark_pdat_entry_data_by_desc
 .text          0x00000000001033a8       0xc6 binaries/queue.o
                0x00000000001033a8                enqueue
                0x0000000000103413                dequeue
 .text          0x000000000010346e       0x64 binaries/read.o
                0x000000000010346e                read
 .text          0x00000000001034d2       0x79 binaries/ready.o
                0x00000000001034d2                ready
 .text          0x000000000010354b      0x137 binaries/receive.o
                0x000000000010354b                receive
 .text          0x0000000000103682       0x63 binaries/recvclr.o
                0x0000000000103682                recvclr
 .text          0x00000000001036e5       0xcc binaries/recvtime.o
                0x00000000001036e5                recvtime
 .text          0x00000000001037b1      0x1e3 binaries/resched.o
                0x00000000001037b1                resched
                0x0000000000103907                resched_cntl
 .text          0x0000000000103994       0x95 binaries/resume.o
                0x0000000000103994                resume
 .text          0x0000000000103a29       0x60 binaries/seek.o
                0x0000000000103a29                seek
 .text          0x0000000000103a89       0x65 binaries/semcount.o
                0x0000000000103a89                semcount
 .text          0x0000000000103aee       0xb5 binaries/semcreate.o
                0x0000000000103aee                semcreate
 .text          0x0000000000103ba3       0xe0 binaries/semdelete.o
                0x0000000000103ba3                semdelete
 .text          0x0000000000103c83       0xc0 binaries/semreset.o
                0x0000000000103c83                semreset
 .text          0x0000000000103d43      0x151 binaries/sendblk.o
                0x0000000000103d43                sendblk
 .text          0x0000000000103e94       0xce binaries/send.o
                0x0000000000103e94                send
 .text          0x0000000000103f62       0xa9 binaries/signal.o
                0x0000000000103f62                signal
 .text          0x000000000010400b       0xe9 binaries/signaln.o
                0x000000000010400b                signaln
 .text          0x00000000001040f4       0xd7 binaries/sleep.o
                0x00000000001040f4                sleepms
                0x0000000000104195                sleep
 .text          0x00000000001041cb       0xce binaries/suspend.o
                0x00000000001041cb                suspend
 .text          0x0000000000104299       0x9f binaries/unsleep.o
                0x0000000000104299                unsleep
 .text          0x0000000000104338       0x22 binaries/userret.o
                0x0000000000104338                userret
 .text          0x000000000010435a       0xc6 binaries/wait.o
                0x000000000010435a                wait
 .text          0x0000000000104420       0x88 binaries/wakeup.o
                0x0000000000104420                wakeup
 .text          0x00000000001044a8       0x64 binaries/write.o
                0x00000000001044a8                write
 .text          0x000000000010450c       0x25 binaries/xdone.o
                0x000000000010450c                xdone
 .text          0x0000000000104531       0x30 binaries/yield.o
                0x0000000000104531                yield
 .text          0x0000000000104561        0xe binaries/abs.o
                0x0000000000104561                abs
 .text          0x000000000010456f       0x60 binaries/atoi.o
                0x000000000010456f                atoi
 .text          0x00000000001045cf       0x60 binaries/atol.o
                0x00000000001045cf                atol
 .text          0x000000000010462f       0x18 binaries/bzero.o
                0x000000000010462f                bzero
 .text          0x0000000000104647        0x0 binaries/ctype_.o
 .text          0x0000000000104647      0x83f binaries/doprnt.o
                0x00000000001047bd                _doprnt
 .text.__x86.get_pc_thunk.si
                0x0000000000104e86        0x4 binaries/doprnt.o
                0x0000000000104e86                __x86.get_pc_thunk.si
 .text          0x0000000000104e8a      0x776 binaries/doscan.o
                0x0000000000104e8a                _doscan
 .text          0x0000000000105600      0x7a9 binaries/fdoprnt.o
                0x0000000000105686                _fdoprnt
 .text          0x0000000000105da9       0x2b binaries/fgetc.o
                0x0000000000105da9                fgetc
 .text          0x0000000000105dd4       0x68 binaries/fgets.o
                0x0000000000105dd4                fgets
 .text          0x0000000000105e3c       0x31 binaries/fprintf.o
                0x0000000000105e3c                fprintf
 .text          0x0000000000105e6d       0x36 binaries/fputc.o
                0x0000000000105e6d                fputc
 .text          0x0000000000105ea3       0x45 binaries/fputs.o
                0x0000000000105ea3                fputs
 .text          0x0000000000105ee8       0x88 binaries/fscanf.o
                0x0000000000105f2f                fscanf
 .text          0x0000000000105f70       0x35 binaries/getchar.o
                0x0000000000105f70                getchar
 .text          0x0000000000105fa5        0xe binaries/labs.o
                0x0000000000105fa5                labs
 .text          0x0000000000105fb3       0x34 binaries/memchr.o
                0x0000000000105fb3                memchr
 .text          0x0000000000105fe7       0x47 binaries/memcmp.o
                0x0000000000105fe7                memcmp
 .text          0x000000000010602e       0x25 binaries/memcpy.o
                0x000000000010602e                memcpy
 .text          0x0000000000106053       0x1e binaries/memset.o
                0x0000000000106053                memset
 .text          0x0000000000106071       0x49 binaries/printf.o
                0x0000000000106071                printf
 .text          0x00000000001060ba       0x39 binaries/putchar.o
                0x00000000001060ba                putchar
 .text          0x00000000001060f3      0x22b binaries/qsort.o
                0x00000000001062e6                qsort
 .text.__x86.get_pc_thunk.bp
                0x000000000010631e        0x4 binaries/qsort.o
                0x000000000010631e                __x86.get_pc_thunk.bp
 .text          0x0000000000106322       0x3e binaries/rand.o
                0x0000000000106322                srand
                0x0000000000106337                rand
 .text          0x0000000000106360       0x58 binaries/sprintf.o
                0x0000000000106377                sprintf
 .text          0x00000000001063b8       0x68 binaries/sscanf.o
                0x00000000001063e1                sscanf
 .text          0x0000000000106420       0x2f binaries/strchr.o
                0x0000000000106420                strchr
 .text          0x000000000010644f       0x41 binaries/strcmp.o
                0x000000000010644f                strcmp
 .text          0x0000000000106490       0x1a binaries/strcpy.o
                0x0000000000106490                strcpy
 .text          0x00000000001064aa       0x1c binaries/strlen.o
                0x00000000001064aa                strlen
 .text          0x00000000001064c6       0x3a binaries/strncat.o
                0x00000000001064c6                strncat
 .text          0x0000000000106500       0x36 binaries/strncmp.o
                0x0000000000106500                strncmp
 .text          0x0000000000106536       0x57 binaries/strncpy.o
                0x0000000000106536                strncpy
 .text          0x000000000010658d       0x2e binaries/strnlen.o
                0x000000000010658d                strnlen
 .text          0x00000000001065bb       0x34 binaries/strrchr.o
                0x00000000001065bb                strrchr
 .text          0x00000000001065ef       0x75 binaries/strstr.o
                0x00000000001065ef                strstr
 .text          0x0000000000106664      0x164 binaries/ttycontrol.o
                0x0000000000106664                ttycontrol
 .text          0x00000000001067c8       0xda binaries/ttygetc.o
                0x00000000001067c8                ttygetc
 .text          0x00000000001068a2      0x4f5 binaries/ttyhandle_in.o
                0x0000000000106962                ttyhandle_in
 .text          0x0000000000106d97      0x181 binaries/ttyhandle_out.o
                0x0000000000106d97                ttyhandle_out
 .text          0x0000000000106f18       0x93 binaries/ttyhandler.o
                0x0000000000106f18                ttyhandler
 .text          0x0000000000106fab      0x17a binaries/ttyinit.o
                0x0000000000106fab                ttyinit
 .text          0x0000000000107125        0xc binaries/ttykickout.o
                0x0000000000107125                ttykickout
 .text          0x0000000000107131       0xf0 binaries/ttyputc.o
                0x0000000000107131                ttyputc
 .text          0x0000000000107221      0x143 binaries/ttyread.o
                0x0000000000107221                ttyread
 .text          0x0000000000107364       0x59 binaries/ttywrite.o
                0x0000000000107364                ttywrite
 .text          0x00000000001073bd      0x152 binaries/mount.o
                0x00000000001073bd                namlen
                0x00000000001073f3                mount
 .text          0x000000000010750f      0x1f2 binaries/naminit.o
                0x000000000010750f                naminit
 .text          0x0000000000107701      0x231 binaries/nammap.o
                0x0000000000107701                namrepl
                0x000000000010783e                namcpy
                0x0000000000107889                nammap
 .text          0x0000000000107932       0x5b binaries/namopen.o
                0x0000000000107932                namopen
 .text          0x000000000010798d       0xfc binaries/colon2mac.o
                0x000000000010798d                colon2mac
 .text          0x0000000000107a89       0x8d binaries/ethcontrol.o
                0x0000000000107a89                ethcontrol
 .text          0x0000000000107b16      0x1bc binaries/ethhandler.o
                0x0000000000107b16                ethhandler
 .text          0x0000000000107cd2      0x573 binaries/ethinit.o
                0x0000000000107cd2                eth_phy_read
                0x0000000000107d0d                eth_phy_write
                0x0000000000107d4b                eth_phy_reset
                0x0000000000107e20                ethinit
 .text          0x0000000000108245      0x10d binaries/ethmcast.o
                0x0000000000108245                ethmcast_add
                0x0000000000108299                ethmcast_remove
 .text          0x0000000000108352      0x1d8 binaries/ethread.o
                0x0000000000108352                ethread
 .text          0x000000000010852a       0xdf binaries/ethwrite.o
                0x000000000010852a                ethwrite
 .text          0x0000000000108609       0x73 binaries/rdsbufalloc.o
                0x0000000000108609                rdsbufalloc
 .text          0x000000000010867c       0xb7 binaries/rdsclose.o
                0x000000000010867c                rdsclose
 .text          0x0000000000108733      0x22d binaries/rdscomm.o
                0x0000000000108733                rdscomm
 .text          0x0000000000108960      0x1d8 binaries/rdscontrol.o
                0x0000000000108960                rdscontrol
 .text          0x0000000000108b38      0x201 binaries/rdsinit.o
                0x0000000000108b38                rdsinit
 .text          0x0000000000108d39      0x1a4 binaries/rdsopen.o
                0x0000000000108d39                rdsopen
 .text          0x0000000000108edd      0x2e5 binaries/rdsprocess.o
                0x0000000000108edd                rdsprocess
 .text          0x00000000001091c2      0x209 binaries/rdsread.o
                0x00000000001091c2                rdsread
 .text          0x00000000001093cb      0x1b3 binaries/rdswrite.o
                0x00000000001093cb                rdswrite
 .text          0x000000000010957e        0x6 binaries/ramclose.o
                0x000000000010957e                ramclose
 .text          0x0000000000109584       0x42 binaries/raminit.o
                0x0000000000109584                raminit
 .text          0x00000000001095c6        0x7 binaries/ramopen.o
                0x00000000001095c6                ramopen
 .text          0x00000000001095cd       0x35 binaries/ramread.o
                0x00000000001095cd                ramread
 .text          0x0000000000109602       0x35 binaries/ramwrite.o
                0x0000000000109602                ramwrite
 .text          0x0000000000109637       0xa3 binaries/lfdballoc.o
                0x0000000000109637                lfdballoc
 .text          0x00000000001096da       0x5c binaries/lfdbfree.o
                0x00000000001096da                lfdbfree
 .text          0x0000000000109736       0xb5 binaries/lfflush.o
                0x0000000000109736                lfflush
 .text          0x00000000001097eb       0x74 binaries/lfgetmode.o
                0x00000000001097eb                lfgetmode
 .text          0x000000000010985f       0x70 binaries/lfiballoc.o
                0x000000000010985f                lfiballoc
 .text          0x00000000001098cf       0x25 binaries/lfibclear.o
                0x00000000001098cf                lfibclear
 .text          0x00000000001098f4       0x8f binaries/lfibget.o
                0x00000000001098f4                lfibget
 .text          0x0000000000109983       0xa8 binaries/lfibput.o
                0x0000000000109983                lfibput
 .text          0x0000000000109a2b       0xc1 binaries/lflclose.o
                0x0000000000109a2b                lflclose
 .text          0x0000000000109aec       0xdb binaries/lflcontrol.o
                0x0000000000109aec                lflcontrol
 .text          0x0000000000109bc7      0x118 binaries/lflgetc.o
                0x0000000000109bc7                lflgetc
 .text          0x0000000000109cdf       0xf6 binaries/lflinit.o
                0x0000000000109cdf                lflinit
 .text          0x0000000000109dd5      0x150 binaries/lflputc.o
                0x0000000000109dd5                lflputc
 .text          0x0000000000109f25       0x77 binaries/lflread.o
                0x0000000000109f25                lflread
 .text          0x0000000000109f9c       0xda binaries/lflseek.o
                0x0000000000109f9c                lflseek
 .text          0x000000000010a076       0x65 binaries/lflwrite.o
                0x000000000010a076                lflwrite
 .text          0x000000000010a0db      0x14f binaries/lfsckfmt.o
                0x000000000010a0db                lfsckfmt
 .text          0x000000000010a22a      0x1d3 binaries/lfscreate.o
                0x000000000010a22a                lfscreate
 .text          0x000000000010a3fd      0x1f7 binaries/lfsetup.o
                0x000000000010a3fd                lfsetup
 .text          0x000000000010a5f4       0x52 binaries/lfsinit.o
                0x000000000010a5f4                lfsinit
 .text          0x000000000010a646      0x33f binaries/lfsopen.o
                0x000000000010a646                lfsopen
 .text          0x000000000010a985      0x151 binaries/lftruncate.o
                0x000000000010a985                lftruncate
 .text          0x000000000010aad6       0x83 binaries/rflclose.o
                0x000000000010aad6                rflclose
 .text          0x000000000010ab59       0x38 binaries/rflgetc.o
                0x000000000010ab59                rflgetc
 .text          0x000000000010ab91       0x80 binaries/rflinit.o
                0x000000000010ab91                rflinit
 .text          0x000000000010ac11       0x3b binaries/rflputc.o
                0x000000000010ac11                rflputc
 .text          0x000000000010ac4c      0x33b binaries/rflread.o
                0x000000000010ac4c                rflread
 .text          0x000000000010af87       0x87 binaries/rflseek.o
                0x000000000010af87                rflseek
 .text          0x000000000010b00e      0x360 binaries/rflwrite.o
                0x000000000010b00e                rflwrite
 .text          0x000000000010b36e      0x1a6 binaries/rfscomm.o
                0x000000000010b36e                rfscomm
 .text          0x000000000010b514      0x27f binaries/rfscontrol.o
                0x000000000010b514                rfscontrol
 .text          0x000000000010b793       0x74 binaries/rfsgetmode.o
                0x000000000010b793                rfsgetmode
 .text          0x000000000010b807       0x98 binaries/rfsinit.o
                0x000000000010b807                rfsinit
 .text          0x000000000010b89f       0xca binaries/rfsndmsg.o
                0x000000000010b89f                rfsndmsg
 .text          0x000000000010b969      0x286 binaries/rfsopen.o
                0x000000000010b969                rfsopen
 .text          0x000000000010bbef      0x6c0 binaries/arp.o
                0x000000000010bbef                arp_init
                0x000000000010bc16                arp_alloc
                0x000000000010bcc7                arp_ntoh
                0x000000000010bd31                arp_hton
                0x000000000010bd9b                arp_resolve
                0x000000000010c040                arp_in
 .text          0x000000000010c2af      0x5ea binaries/dhcp.o
                0x000000000010c2af                dhcp_get_opt_val
                0x000000000010c300                dhcp_bld_bootp_msg
                0x000000000010c3de                dhcp_bld_disc
                0x000000000010c42e                dhcp_bld_req
                0x000000000010c4d4                getlocalip
 .text          0x000000000010c899       0xc6 binaries/dot2ip.o
                0x000000000010c899                dot2ip
 .text          0x000000000010c95f      0x3cf binaries/hexdump.o
                0x000000000010c95f                hexdump
                0x000000000010caf1                hexadump
 .text          0x000000000010cd2e      0x778 binaries/icmp.o
                0x000000000010cd2e                icmp_init
                0x000000000010cd52                icmp_register
                0x000000000010ce06                icmp_recv
                0x000000000010cfc1                icmp_mkpkt
                0x000000000010d0b8                icmp_in
                0x000000000010d25e                icmp_send
                0x000000000010d2e1                icmp_release
                0x000000000010d424                icmp_cksum
                0x000000000010d47e                icmp_hton
                0x000000000010d492                icmp_ntoh
 .text          0x000000000010d4a6      0x648 binaries/ip.o
                0x000000000010d4a6                ip_local
                0x000000000010d4f3                ipcksum
                0x000000000010d541                ip_ntoh
                0x000000000010d5ab                ip_in
                0x000000000010d6f4                ip_hton
                0x000000000010d75e                ip_out
                0x000000000010d81e                ip_send
                0x000000000010d948                ipout
                0x000000000010da4b                ip_enqueue
 .text          0x000000000010daee      0x1cc binaries/net.o
                0x000000000010daee                net_init
                0x000000000010dbfc                eth_hton
                0x000000000010dc06                eth_ntoh
                0x000000000010dc10                netin
 .text          0x000000000010dcba       0xd9 binaries/netstart.o
                0x000000000010dcba                netstart
 .text          0x000000000010dd93      0xae9 binaries/pdump.o
                0x000000000010dd93                pdump
                0x000000000010e3d0                pdumph
 .text          0x000000000010e87c      0x5ff binaries/tftp.o
                0x000000000010e87c                tftp_send1
                0x000000000010e99e                tftpget_mb
                0x000000000010ee54                tftpget
 .text          0x000000000010ee7b      0xa9c binaries/udp.o
                0x000000000010ee7b                udp_init
                0x000000000010eebe                udp_in
                0x000000000010efda                udp_register
                0x000000000010f0f5                udp_recv
                0x000000000010f29a                udp_recvaddr
                0x000000000010f453                udp_send
                0x000000000010f620                udp_sendto
                0x000000000010f7ac                udp_release
                0x000000000010f8ef                udp_ntoh
                0x000000000010f903                udp_hton
 .text          0x000000000010f917      0x13c binaries/addargs.o
                0x000000000010f917                addargs
 .text          0x000000000010fa53      0x234 binaries/lexan.o
                0x000000000010fa53                lexan
 .text          0x000000000010fc87      0x642 binaries/shell.o
                0x000000000010fc87                shell
 .text          0x00000000001102c9       0x6e binaries/xsh_argecho.o
                0x00000000001102c9                xsh_argecho
 .text          0x0000000000110337      0x244 binaries/xsh_arp.o
                0x0000000000110337                xsh_arp
 .text          0x000000000011057b      0x25f binaries/xsh_cat.o
                0x000000000011057b                xsh_cat
 .text          0x00000000001107da       0x6d binaries/xsh_clear.o
                0x00000000001107da                xsh_clear
 .text          0x0000000000110847      0x2bc binaries/xsh_date.o
                0x0000000000110847                xsh_date
 .text          0x0000000000110b03       0xa7 binaries/xsh_devdump.o
                0x0000000000110b03                xsh_devdump
 .text          0x0000000000110baa       0x77 binaries/xsh_echo.o
                0x0000000000110baa                xsh_echo
 .text          0x0000000000110c21        0x6 binaries/xsh_exit.o
                0x0000000000110c21                xsh_exit
 .text          0x0000000000110c27      0x37e binaries/xsh_help.o
                0x0000000000110c27                xsh_help
 .text          0x0000000000110fa5      0x386 binaries/xsh_ipaddr.o
                0x0000000000110fa5                xsh_ipaddr
 .text          0x000000000011132b      0x1ff binaries/xsh_kill.o
                0x000000000011132b                xsh_kill
 .text          0x000000000011152a      0x436 binaries/xsh_memdump.o
                0x00000000001115d4                xsh_memdump
 .text          0x0000000000111960      0x221 binaries/xsh_memstat.o
                0x0000000000111960                xsh_memstat
 .text          0x0000000000111b81      0x311 binaries/xsh_ping.o
                0x0000000000111b81                xsh_ping
 .text          0x0000000000111e92      0x1d6 binaries/xsh_ps.o
                0x0000000000111e92                xsh_ps
 .text          0x0000000000112068      0x1da binaries/xsh_sleep.o
                0x0000000000112068                xsh_sleep
 .text          0x0000000000112242      0x217 binaries/xsh_udpdump.o
                0x0000000000112242                xsh_udpdump
 .text          0x0000000000112459      0x46d binaries/xsh_udpecho.o
                0x0000000000112459                xsh_udpecho
 .text          0x00000000001128c6      0x2a6 binaries/xsh_udpeserver.o
                0x00000000001128c6                xsh_udpeserver
 .text          0x0000000000112b6c      0x1f2 binaries/xsh_uptime.o
                0x0000000000112b6c                xsh_uptime
 .text          0x0000000000112d5e        0xe binaries/clkdisp.o
                0x0000000000112d5e                clkdisp
 .text          0x0000000000112d6c       0x19 binaries/ctxsw.o
                0x0000000000112d6c                ctxsw
 .text          0x0000000000112d85      0x368 binaries/intr.o
                0x0000000000112d85                disable
                0x0000000000112d8e                restore
                0x0000000000112d9c                enable
                0x0000000000112d9e                pause
                0x0000000000112da5                halt
                0x0000000000112da8                spurious_irq7
                0x0000000000112dad                spurious_irq15
                0x0000000000112dbc                _Xint0
                0x0000000000112dc7                _Xint1
                0x0000000000112dd2                _Xint2
                0x0000000000112ddd                _Xint3
                0x0000000000112de8                _Xint4
                0x0000000000112df3                _Xint5
                0x0000000000112dfe                _Xint6
                0x0000000000112e09                _Xint7
                0x0000000000112e14                _Xint8
                0x0000000000112e1f                _Xint9
                0x0000000000112e2a                _Xint10
                0x0000000000112e35                _Xint11
                0x0000000000112e43                _Xint12
                0x0000000000112e51                _Xint13
                0x0000000000112e5f                _Xint14
                0x0000000000112e6d                _Xint15
                0x0000000000112e7b                _Xint16
                0x0000000000112e89                _Xint17
                0x0000000000112e97                _Xint18
                0x0000000000112ea5                _Xint19
                0x0000000000112eb3                _Xint20
                0x0000000000112ec1                _Xint21
                0x0000000000112ecf                _Xint22
                0x0000000000112edd                _Xint23
                0x0000000000112eeb                _Xint24
                0x0000000000112ef9                _Xint25
                0x0000000000112f07                _Xint26
                0x0000000000112f15                _Xint27
                0x0000000000112f23                _Xint28
                0x0000000000112f31                _Xint29
                0x0000000000112f3f                _Xint30
                0x0000000000112f4d                _Xint31
                0x0000000000112f5b                _Xint32
                0x0000000000112f69                _Xint33
                0x0000000000112f77                _Xint34
                0x0000000000112f85                _Xint35
                0x0000000000112f93                _Xint36
                0x0000000000112fa1                _Xint37
                0x0000000000112faf                _Xint38
                0x0000000000112fbd                _Xint39
                0x0000000000112fcb                _Xint40
                0x0000000000112fd9                _Xint41
                0x0000000000112fe7                _Xint42
                0x0000000000112ff5                _Xint43
                0x0000000000113003                _Xint44
                0x0000000000113011                _Xint45
                0x000000000011301f                _Xint46
                0x000000000011302d                defevec
 .text          0x00000000001130ed        0xf binaries/ttydispatch.o
                0x00000000001130ed                ttydispatch
 .text          0x00000000001130fc       0x13 binaries/ethdispatch.o
                0x00000000001130fc                ethdispatch
 *(.rodata .rodata.*)
 .rodata.str1.1
                0x000000000011310f       0x54 binaries/ascdate.o
 *fill*         0x0000000000113163        0x1 
 .rodata.str1.4
                0x0000000000113164       0x22 binaries/ascdate.o
 .rodata.str1.1
                0x0000000000113186       0x5f binaries/conf.o
 *fill*         0x00000000001131e5        0x3 
 .rodata.str1.4
                0x00000000001131e8       0x4f binaries/early_imr.o
 *fill*         0x0000000000113237        0x1 
 .rodata        0x0000000000113238       0x33 binaries/early_imr.o
 .rodata.str1.1
                0x000000000011326b      0x20c binaries/evec.o
 *fill*         0x0000000000113477        0x1 
 .rodata.str1.4
                0x0000000000113478       0x23 binaries/evec.o
 .rodata.str1.1
                0x000000000011349b        0xb binaries/getutime.o
 *fill*         0x00000000001134a6        0x2 
 .rodata.str1.4
                0x00000000001134a8       0x54 binaries/getutime.o
 .rodata.str1.1
                0x00000000001134fc       0x63 binaries/initialize.o
                                         0x67 (size before relaxing)
 *fill*         0x000000000011355f        0x1 
 .rodata.str1.4
                0x0000000000113560       0xd4 binaries/initialize.o
 .rodata        0x0000000000113634       0x54 binaries/kill.o
 .rodata.str1.4
                0x0000000000113688       0x9a binaries/main.o
 .rodata.str1.1
                0x0000000000113722       0xfe binaries/main.o
 .rodata.str1.4
                0x0000000000113820       0x23 binaries/meminit.o
 .rodata.str1.1
                0x0000000000113843       0x1b binaries/meminit.o
 .rodata.str1.1
                0x000000000011385e        0xf binaries/panic.o
 .rodata.str1.1
                0x000000000011386d       0x1c binaries/ptinit.o
 *fill*         0x0000000000113889        0x3 
 .rodata.str1.4
                0x000000000011388c       0x25 binaries/ptsend.o
 .rodata.str1.1
                0x00000000001138b1       0x22 binaries/quark_pdat.o
 *fill*         0x00000000001138d3        0x1 
 .rodata.str1.4
                0x00000000001138d4       0x27 binaries/xdone.o
 *fill*         0x00000000001138fb        0x5 
 .rodata        0x0000000000113900       0x81 binaries/ctype_.o
                0x0000000000113900                _ctype_
 .rodata.str1.1
                0x0000000000113981       0x29 binaries/doprnt.o
 *fill*         0x00000000001139aa        0x2 
 .rodata        0x00000000001139ac       0xc4 binaries/doprnt.o
 .rodata        0x0000000000113a70       0x98 binaries/doscan.o
 .rodata.str1.1
                0x0000000000113b08       0x29 binaries/fdoprnt.o
 .rodata        0x0000000000113b08       0x84 binaries/fdoprnt.o
 .rodata        0x0000000000113b8c       0x20 binaries/ttycontrol.o
 .rodata.str1.4
                0x0000000000113bac       0x4c binaries/naminit.o
 .rodata.str1.1
                0x0000000000113bf8       0x32 binaries/naminit.o
                                         0x35 (size before relaxing)
 .rodata.str1.1
                0x0000000000113c2a       0x15 binaries/ethinit.o
 *fill*         0x0000000000113c3f        0x1 
 .rodata.str1.4
                0x0000000000113c40       0x2e binaries/ethinit.o
 *fill*         0x0000000000113c6e        0x2 
 .rodata.str1.4
                0x0000000000113c70       0x2c binaries/rdsbufalloc.o
 .rodata.str1.4
                0x0000000000113c9c       0x76 binaries/rdscomm.o
 *fill*         0x0000000000113d12        0x2 
 .rodata.str1.4
                0x0000000000113d14       0x48 binaries/rdscontrol.o
 .rodata.str1.4
                0x0000000000113d5c       0x7e binaries/rdsinit.o
 .rodata.str1.1
                0x0000000000113dda       0x18 binaries/rdsinit.o
 *fill*         0x0000000000113df2        0x2 
 .rodata.str1.4
                0x0000000000113df4       0x22 binaries/rdsopen.o
 *fill*         0x0000000000113e16        0x2 
 .rodata.str1.4
                0x0000000000113e18       0x4d binaries/rdsprocess.o
 .rodata.str1.1
                0x0000000000113e65        0x9 binaries/raminit.o
 .rodata.str1.1
                0x0000000000113e6e       0x13 binaries/lfdballoc.o
 *fill*         0x0000000000113e81        0x3 
 .rodata.str1.4
                0x0000000000113e84       0x23 binaries/lfdballoc.o
 .rodata.str1.1
                0x0000000000113ea7       0x14 binaries/lfiballoc.o
 *fill*         0x0000000000113ebb        0x1 
 .rodata.str1.4
                0x0000000000113ebc       0x23 binaries/lflcontrol.o
 .rodata.str1.1
                0x0000000000113edf       0x64 binaries/lfsckfmt.o
 *fill*         0x0000000000113f43        0x1 
 .rodata.str1.4
                0x0000000000113f44       0x51 binaries/lfsckfmt.o
 *fill*         0x0000000000113f95        0x3 
 .rodata.str1.4
                0x0000000000113f98       0x21 binaries/rflread.o
 .rodata.str1.4
                0x0000000000113fb9       0x21 binaries/rflwrite.o
 *fill*         0x0000000000113fb9        0x3 
 .rodata.str1.4
                0x0000000000113fbc       0x75 binaries/rfscomm.o
 *fill*         0x0000000000114031        0x3 
 .rodata.str1.4
                0x0000000000114034       0x23 binaries/rfscontrol.o
 *fill*         0x0000000000114057        0x1 
 .rodata        0x0000000000114058       0x18 binaries/rfscontrol.o
 .rodata.str1.1
                0x0000000000114070       0x10 binaries/rfsinit.o
 .rodata.str1.4
                0x0000000000114070       0x57 binaries/rfsinit.o
 *fill*         0x00000000001140c7        0x1 
 .rodata.str1.4
                0x00000000001140c8       0x2a binaries/rfsndmsg.o
 .rodata.str1.4
                0x00000000001140f2       0x22 binaries/rfsopen.o
 .rodata.str1.1
                0x00000000001140f2       0x19 binaries/arp.o
 *fill*         0x000000000011410b        0x1 
 .rodata.str1.4
                0x000000000011410c       0x21 binaries/arp.o
 *fill*         0x000000000011412d        0x3 
 .rodata.str1.4
                0x0000000000114130       0xa6 binaries/dhcp.o
 .rodata.str1.1
                0x00000000001141d6       0x4a binaries/dhcp.o
 .rodata.str1.1
                0x0000000000114220       0x5a binaries/hexdump.o
                                         0x61 (size before relaxing)
 *fill*         0x000000000011427a        0x2 
 .rodata.str1.4
                0x000000000011427c       0x67 binaries/hexdump.o
 *fill*         0x00000000001142e3        0x1 
 .rodata.str1.4
                0x00000000001142e4       0x29 binaries/icmp.o
 .rodata.str1.1
                0x000000000011430d       0x4e binaries/ip.o
 *fill*         0x000000000011435b        0x1 
 .rodata.str1.4
                0x000000000011435c       0x20 binaries/ip.o
 .rodata.str1.4
                0x000000000011437c       0x28 binaries/net.o
 .rodata.str1.1
                0x00000000001143a4       0x27 binaries/net.o
 *fill*         0x00000000001143cb        0x1 
 .rodata.str1.4
                0x00000000001143cc       0xcf binaries/netstart.o
 .rodata.str1.1
                0x000000000011449b      0x141 binaries/pdump.o
                                        0x14b (size before relaxing)
 .rodata.str1.4
                0x00000000001145dc      0x126 binaries/pdump.o
 *fill*         0x0000000000114702        0x2 
 .rodata.str1.4
                0x0000000000114704      0x148 binaries/tftp.o
 .rodata.str1.1
                0x000000000011484c        0x6 binaries/tftp.o
                                          0xa (size before relaxing)
 .rodata.str1.1
                0x0000000000114852       0xe3 binaries/shell.o
                                         0xff (size before relaxing)
 *fill*         0x0000000000114935        0x3 
 .rodata.str1.4
                0x0000000000114938      0x1c4 binaries/shell.o
 .rodata.str1.1
                0x0000000000114afc       0x26 binaries/xsh_argecho.o
                                         0x28 (size before relaxing)
 .rodata.str1.1
                0x0000000000114b22       0x70 binaries/xsh_arp.o
                                         0x72 (size before relaxing)
 *fill*         0x0000000000114b92        0x2 
 .rodata.str1.4
                0x0000000000114b94       0xb4 binaries/xsh_arp.o
 .rodata.str1.1
                0x0000000000114c48       0x2d binaries/xsh_cat.o
                                         0x4f (size before relaxing)
 *fill*         0x0000000000114c75        0x3 
 .rodata.str1.4
                0x0000000000114c78       0x52 binaries/xsh_cat.o
                                         0x79 (size before relaxing)
 .rodata.str1.1
                0x0000000000114cca       0x15 binaries/xsh_clear.o
 .rodata.str1.1
                0x0000000000114cdf       0x46 binaries/xsh_date.o
                                         0x5f (size before relaxing)
 *fill*         0x0000000000114d25        0x3 
 .rodata.str1.4
                0x0000000000114d28      0x163 binaries/xsh_date.o
 .rodata.str1.1
                0x0000000000114e8b       0x5d binaries/xsh_devdump.o
 .rodata.str1.1
                0x0000000000114ee8        0x4 binaries/xsh_echo.o
                                          0x9 (size before relaxing)
 .rodata.str1.1
                0x0000000000114eec       0x65 binaries/xsh_help.o
                                         0xa3 (size before relaxing)
 *fill*         0x0000000000114f51        0x3 
 .rodata.str1.4
                0x0000000000114f54       0x7c binaries/xsh_help.o
                                         0xc6 (size before relaxing)
 .rodata.str1.1
                0x0000000000114fd0       0x9c binaries/xsh_ipaddr.o
                                         0xf8 (size before relaxing)
 .rodata.str1.4
                0x000000000011506c       0x4d binaries/xsh_ipaddr.o
                                         0x99 (size before relaxing)
 .rodata.str1.1
                0x00000000001150b9       0x78 binaries/xsh_kill.o
                                         0x97 (size before relaxing)
 *fill*         0x0000000000115131        0x3 
 .rodata.str1.4
                0x0000000000115134       0x4a binaries/xsh_kill.o
                                         0x96 (size before relaxing)
 .rodata.str1.1
                0x000000000011517e       0x84 binaries/xsh_memdump.o
                                         0xa8 (size before relaxing)
 *fill*         0x0000000000115202        0x2 
 .rodata.str1.4
                0x0000000000115204      0x15a binaries/xsh_memdump.o
                                        0x1aa (size before relaxing)
 .rodata.str1.1
                0x000000000011535e       0x40 binaries/xsh_memstat.o
                                         0x79 (size before relaxing)
 *fill*         0x000000000011539e        0x2 
 .rodata.str1.4
                0x00000000001153a0      0x187 binaries/xsh_memstat.o
                                        0x1af (size before relaxing)
 .rodata.str1.1
                0x0000000000115527       0x90 binaries/xsh_ping.o
                                         0xaf (size before relaxing)
 *fill*         0x00000000001155b7        0x1 
 .rodata.str1.4
                0x00000000001155b8       0x77 binaries/xsh_ping.o
                                         0xc6 (size before relaxing)
 .rodata.str1.1
                0x000000000011562f       0x74 binaries/xsh_ps.o
                                         0xd5 (size before relaxing)
 *fill*         0x00000000001156a3        0x1 
 .rodata.str1.4
                0x00000000001156a4       0x80 binaries/xsh_ps.o
                                         0xd0 (size before relaxing)
 .rodata.str1.1
                0x0000000000115724       0x31 binaries/xsh_sleep.o
                                         0x72 (size before relaxing)
 *fill*         0x0000000000115755        0x3 
 .rodata.str1.4
                0x0000000000115758       0x2a binaries/xsh_sleep.o
                                         0x7a (size before relaxing)
 .rodata.str1.1
                0x0000000000115782       0x6b binaries/xsh_udpdump.o
                                         0xd2 (size before relaxing)
 *fill*         0x00000000001157ed        0x3 
 .rodata.str1.4
                0x00000000001157f0       0x94 binaries/xsh_udpdump.o
                                         0xe4 (size before relaxing)
 .rodata.str1.1
                0x0000000000115884       0xdb binaries/xsh_udpecho.o
                                         0xfa (size before relaxing)
 *fill*         0x000000000011595f        0x1 
 .rodata.str1.4
                0x0000000000115960       0xc7 binaries/xsh_udpecho.o
                                        0x116 (size before relaxing)
 .rodata.str1.1
                0x0000000000115a27       0x66 binaries/xsh_udpeserver.o
                                         0x8f (size before relaxing)
 *fill*         0x0000000000115a8d        0x3 
 .rodata.str1.4
                0x0000000000115a90       0x29 binaries/xsh_udpeserver.o
                                         0x9f (size before relaxing)
 .rodata.str1.1
                0x0000000000115ab9       0x49 binaries/xsh_uptime.o
                                         0x8c (size before relaxing)
 *fill*         0x0000000000115b02        0x2 
 .rodata.str1.4
                0x0000000000115b04       0x28 binaries/xsh_uptime.o
                                         0x76 (size before relaxing)
                0x0000000000115b2c                etext = ABSOLUTE (.)
                0x0000000000116000                . = ALIGN (0x1000)
 *fill*         0x0000000000115b2c      0x4d4 

.eh_frame       0x0000000000116000     0x7120
 .eh_frame      0x0000000000116000       0x98 binaries/ascdate.o
 .eh_frame      0x0000000000116098       0x28 binaries/bufinit.o
                                         0x40 (size before relaxing)
 .eh_frame      0x00000000001160c0       0x54 binaries/cbreg.o
                                         0x80 (size before relaxing)
 .eh_frame      0x0000000000116114       0x54 binaries/chprio.o
                                         0x80 (size before relaxing)
 .eh_frame      0x0000000000116168       0x24 binaries/clkhandler.o
                                         0x50 (size before relaxing)
 .eh_frame      0x000000000011618c       0x44 binaries/clkinit.o
                                         0x70 (size before relaxing)
 .eh_frame      0x00000000001161d0       0x44 binaries/close.o
                                         0x70 (size before relaxing)
 .eh_frame      0x0000000000116214       0x48 binaries/control.o
                                         0x74 (size before relaxing)
 .eh_frame      0x000000000011625c       0x5c binaries/create.o
                                         0x88 (size before relaxing)
 .eh_frame      0x00000000001162b8      0x164 binaries/early_imr.o
                                        0x190 (size before relaxing)
 .eh_frame      0x000000000011641c      0x1f8 binaries/evec.o
                                        0x224 (size before relaxing)
 .eh_frame      0x0000000000116614       0x58 binaries/freebuf.o
                                         0x84 (size before relaxing)
 .eh_frame      0x000000000011666c       0x5c binaries/freemem.o
                                         0x88 (size before relaxing)
 .eh_frame      0x00000000001166c8       0x50 binaries/getbuf.o
                                         0x7c (size before relaxing)
 .eh_frame      0x0000000000116718       0x44 binaries/getc.o
                                         0x70 (size before relaxing)
 .eh_frame      0x000000000011675c       0x60 binaries/getdev.o
                                         0x8c (size before relaxing)
 .eh_frame      0x00000000001167bc       0x68 binaries/getitem.o
                                         0x94 (size before relaxing)
 .eh_frame      0x0000000000116824       0x54 binaries/getmem.o
                                         0x80 (size before relaxing)
 .eh_frame      0x0000000000116878       0x14 binaries/getpid.o
                                         0x40 (size before relaxing)
 .eh_frame      0x000000000011688c       0x40 binaries/getprio.o
                                         0x6c (size before relaxing)
 .eh_frame      0x00000000001168cc       0x5c binaries/getstk.o
                                         0x88 (size before relaxing)
 .eh_frame      0x0000000000116928       0x2c binaries/gettime.o
                                         0x58 (size before relaxing)
 .eh_frame      0x0000000000116954       0x98 binaries/getutime.o
                                         0xc4 (size before relaxing)
 .eh_frame      0x00000000001169ec       0x44 binaries/init.o
                                         0x70 (size before relaxing)
 .eh_frame      0x0000000000116a30       0xe0 binaries/initialize.o
                                        0x10c (size before relaxing)
 .eh_frame      0x0000000000116b10       0x44 binaries/insert.o
                                         0x5c (size before relaxing)
 .eh_frame      0x0000000000116b54       0x40 binaries/insertd.o
                                         0x6c (size before relaxing)
 .eh_frame      0x0000000000116b94       0x14 binaries/ioerr.o
                                         0x2c (size before relaxing)
 .eh_frame      0x0000000000116ba8       0x14 binaries/ionull.o
                                         0x2c (size before relaxing)
 .eh_frame      0x0000000000116bbc       0x80 binaries/kill.o
                                         0xac (size before relaxing)
 .eh_frame      0x0000000000116c3c       0x90 binaries/kprintf.o
                                         0xd0 (size before relaxing)
 .eh_frame      0x0000000000116ccc      0x144 binaries/main.o
                                        0x170 (size before relaxing)
 .eh_frame      0x0000000000116e10       0x64 binaries/mark.o
                                         0x90 (size before relaxing)
 .eh_frame      0x0000000000116e74       0x80 binaries/meminit.o
                                         0xac (size before relaxing)
 .eh_frame      0x0000000000116ef4       0x78 binaries/mkbufpool.o
                                         0xa4 (size before relaxing)
 .eh_frame      0x0000000000116f6c       0x30 binaries/newqueue.o
                                         0x48 (size before relaxing)
 .eh_frame      0x0000000000116f9c       0x48 binaries/open.o
                                         0x74 (size before relaxing)
 .eh_frame      0x0000000000116fe4       0x28 binaries/panic.o
                                         0x54 (size before relaxing)
 .eh_frame      0x000000000011700c       0xf4 binaries/pci.o
                                        0x10c (size before relaxing)
 .eh_frame      0x0000000000117100       0x40 binaries/platinit.o
                                         0x6c (size before relaxing)
 .eh_frame      0x0000000000117140       0x6c binaries/ptclear.o
                                         0x98 (size before relaxing)
 .eh_frame      0x00000000001171ac       0x64 binaries/ptcount.o
                                         0x90 (size before relaxing)
 .eh_frame      0x0000000000117210       0x60 binaries/ptcreate.o
                                         0x8c (size before relaxing)
 .eh_frame      0x0000000000117270       0x48 binaries/ptdelete.o
                                         0x74 (size before relaxing)
 .eh_frame      0x00000000001172b8       0x44 binaries/ptinit.o
                                         0x70 (size before relaxing)
 .eh_frame      0x00000000001172fc       0x64 binaries/ptrecv.o
                                         0x90 (size before relaxing)
 .eh_frame      0x0000000000117360       0x48 binaries/ptreset.o
                                         0x74 (size before relaxing)
 .eh_frame      0x00000000001173a8       0x70 binaries/ptsend.o
                                         0x9c (size before relaxing)
 .eh_frame      0x0000000000117418       0x54 binaries/putc.o
                                         0x80 (size before relaxing)
 .eh_frame      0x000000000011746c       0x6c binaries/quark_irq.o
                                         0x98 (size before relaxing)
 .eh_frame      0x00000000001174d8       0xe8 binaries/quark_pdat.o
                                        0x114 (size before relaxing)
 .eh_frame      0x00000000001175c0       0x4c binaries/queue.o
                                         0x78 (size before relaxing)
 .eh_frame      0x000000000011760c       0x48 binaries/read.o
                                         0x74 (size before relaxing)
 .eh_frame      0x0000000000117654       0x34 binaries/ready.o
                                         0x60 (size before relaxing)
 .eh_frame      0x0000000000117688       0x60 binaries/receive.o
                                         0x8c (size before relaxing)
 .eh_frame      0x00000000001176e8       0x38 binaries/recvclr.o
                                         0x64 (size before relaxing)
 .eh_frame      0x0000000000117720       0x60 binaries/recvtime.o
                                         0x8c (size before relaxing)
 .eh_frame      0x0000000000117780       0x84 binaries/resched.o
                                         0xc4 (size before relaxing)
 .eh_frame      0x0000000000117804       0x5c binaries/resume.o
                                         0x88 (size before relaxing)
 .eh_frame      0x0000000000117860       0x44 binaries/seek.o
                                         0x70 (size before relaxing)
 .eh_frame      0x00000000001178a4       0x40 binaries/semcount.o
                                         0x6c (size before relaxing)
 .eh_frame      0x00000000001178e4       0x54 binaries/semcreate.o
                                         0x80 (size before relaxing)
 .eh_frame      0x0000000000117938       0x6c binaries/semdelete.o
                                         0x98 (size before relaxing)
 .eh_frame      0x00000000001179a4       0x6c binaries/semreset.o
                                         0x98 (size before relaxing)
 .eh_frame      0x0000000000117a10       0x70 binaries/sendblk.o
                                         0x9c (size before relaxing)
 .eh_frame      0x0000000000117a80       0x60 binaries/send.o
                                         0x8c (size before relaxing)
 .eh_frame      0x0000000000117ae0       0x54 binaries/signal.o
                                         0x80 (size before relaxing)
 .eh_frame      0x0000000000117b34       0x70 binaries/signaln.o
                                         0x9c (size before relaxing)
 .eh_frame      0x0000000000117ba4       0x80 binaries/sleep.o
                                         0xac (size before relaxing)
 .eh_frame      0x0000000000117c24       0x54 binaries/suspend.o
                                         0x80 (size before relaxing)
 .eh_frame      0x0000000000117c78       0x4c binaries/unsleep.o
                                         0x78 (size before relaxing)
 .eh_frame      0x0000000000117cc4       0x28 binaries/userret.o
                                         0x54 (size before relaxing)
 .eh_frame      0x0000000000117cec       0x58 binaries/wait.o
                                         0x84 (size before relaxing)
 .eh_frame      0x0000000000117d44       0x48 binaries/wakeup.o
                                         0x74 (size before relaxing)
 .eh_frame      0x0000000000117d8c       0x48 binaries/write.o
                                         0x74 (size before relaxing)
 .eh_frame      0x0000000000117dd4       0x24 binaries/xdone.o
                                         0x50 (size before relaxing)
 .eh_frame      0x0000000000117df8       0x30 binaries/yield.o
                                         0x5c (size before relaxing)
 .eh_frame      0x0000000000117e28       0x14 binaries/abs.o
                                         0x2c (size before relaxing)
 .eh_frame      0x0000000000117e3c       0x28 binaries/atoi.o
                                         0x40 (size before relaxing)
 .eh_frame      0x0000000000117e64       0x28 binaries/atol.o
                                         0x40 (size before relaxing)
 .eh_frame      0x0000000000117e8c       0x14 binaries/bzero.o
                                         0x2c (size before relaxing)
 .eh_frame      0x0000000000117ea0      0x174 binaries/doprnt.o
                                        0x1a0 (size before relaxing)
 .eh_frame      0x0000000000118014      0x108 binaries/doscan.o
                                        0x134 (size before relaxing)
 .eh_frame      0x000000000011811c      0x114 binaries/fdoprnt.o
                                        0x140 (size before relaxing)
 .eh_frame      0x0000000000118230       0x2c binaries/fgetc.o
                                         0x58 (size before relaxing)
 .eh_frame      0x000000000011825c       0x48 binaries/fgets.o
                                         0x74 (size before relaxing)
 .eh_frame      0x00000000001182a4       0x2c binaries/fprintf.o
                                         0x58 (size before relaxing)
 .eh_frame      0x00000000001182d0       0x2c binaries/fputc.o
                                         0x58 (size before relaxing)
 .eh_frame      0x00000000001182fc       0x3c binaries/fputs.o
                                         0x68 (size before relaxing)
 .eh_frame      0x0000000000118338       0x7c binaries/fscanf.o
                                         0xa8 (size before relaxing)
 .eh_frame      0x00000000001183b4       0x24 binaries/getchar.o
                                         0x50 (size before relaxing)
 .eh_frame      0x00000000001183d8       0x14 binaries/labs.o
                                         0x2c (size before relaxing)
 .eh_frame      0x00000000001183ec       0x14 binaries/memchr.o
                                         0x2c (size before relaxing)
 .eh_frame      0x0000000000118400       0x28 binaries/memcmp.o
                                         0x40 (size before relaxing)
 .eh_frame      0x0000000000118428       0x24 binaries/memcpy.o
                                         0x3c (size before relaxing)
 .eh_frame      0x000000000011844c       0x1c binaries/memset.o
                                         0x34 (size before relaxing)
 .eh_frame      0x0000000000118468       0x2c binaries/printf.o
                                         0x58 (size before relaxing)
 .eh_frame      0x0000000000118494       0x28 binaries/putchar.o
                                         0x54 (size before relaxing)
 .eh_frame      0x00000000001184bc       0xdc binaries/qsort.o
                                        0x11c (size before relaxing)
 .eh_frame      0x0000000000118598       0x28 binaries/rand.o
                                         0x68 (size before relaxing)
 .eh_frame      0x00000000001185c0       0x54 binaries/sprintf.o
                                         0x80 (size before relaxing)
 .eh_frame      0x0000000000118614       0x5c binaries/sscanf.o
                                         0x88 (size before relaxing)
 .eh_frame      0x0000000000118670       0x20 binaries/strchr.o
                                         0x38 (size before relaxing)
 .eh_frame      0x0000000000118690       0x20 binaries/strcmp.o
                                         0x38 (size before relaxing)
 .eh_frame      0x00000000001186b0       0x14 binaries/strcpy.o
                                         0x2c (size before relaxing)
 .eh_frame      0x00000000001186c4       0x14 binaries/strlen.o
                                         0x2c (size before relaxing)
 .eh_frame      0x00000000001186d8       0x2c binaries/strncat.o
                                         0x44 (size before relaxing)
 .eh_frame      0x0000000000118704       0x1c binaries/strncmp.o
                                         0x34 (size before relaxing)
 .eh_frame      0x0000000000118720       0x30 binaries/strncpy.o
                                         0x48 (size before relaxing)
 .eh_frame      0x0000000000118750       0x14 binaries/strnlen.o
                                         0x2c (size before relaxing)
 .eh_frame      0x0000000000118764       0x20 binaries/strrchr.o
                                         0x38 (size before relaxing)
 .eh_frame      0x0000000000118784       0x3c binaries/strstr.o
                                         0x54 (size before relaxing)
 .eh_frame      0x00000000001187c0       0x58 binaries/ttycontrol.o
                                         0x84 (size before relaxing)
 .eh_frame      0x0000000000118818       0x44 binaries/ttygetc.o
                                         0x70 (size before relaxing)
 .eh_frame      0x000000000011885c       0xe0 binaries/ttyhandle_in.o
                                        0x10c (size before relaxing)
 .eh_frame      0x000000000011893c       0x68 binaries/ttyhandle_out.o
                                         0x94 (size before relaxing)
 .eh_frame      0x00000000001189a4       0x5c binaries/ttyhandler.o
                                         0x88 (size before relaxing)
 .eh_frame      0x0000000000118a00       0x4c binaries/ttyinit.o
                                         0x78 (size before relaxing)
 .eh_frame      0x0000000000118a4c       0x14 binaries/ttykickout.o
                                         0x2c (size before relaxing)
 .eh_frame      0x0000000000118a60       0x64 binaries/ttyputc.o
                                         0x90 (size before relaxing)
 .eh_frame      0x0000000000118ac4       0x64 binaries/ttyread.o
                                         0x90 (size before relaxing)
 .eh_frame      0x0000000000118b28       0x4c binaries/ttywrite.o
                                         0x78 (size before relaxing)
 .eh_frame      0x0000000000118b74       0x7c binaries/mount.o
                                         0xa8 (size before relaxing)
 .eh_frame      0x0000000000118bf0       0xe4 binaries/naminit.o
                                        0x110 (size before relaxing)
 .eh_frame      0x0000000000118cd4       0xf0 binaries/nammap.o
                                        0x130 (size before relaxing)
 .eh_frame      0x0000000000118dc4       0x48 binaries/namopen.o
                                         0x74 (size before relaxing)
 .eh_frame      0x0000000000118e0c       0x3c binaries/colon2mac.o
                                         0x68 (size before relaxing)
 .eh_frame      0x0000000000118e48       0x4c binaries/ethcontrol.o
                                         0x78 (size before relaxing)
 .eh_frame      0x0000000000118e94       0x58 binaries/ethhandler.o
                                         0x84 (size before relaxing)
 .eh_frame      0x0000000000118eec      0x154 binaries/ethinit.o
                                        0x180 (size before relaxing)
 .eh_frame      0x0000000000119040       0xa8 binaries/ethmcast.o
                                         0xd4 (size before relaxing)
 .eh_frame      0x00000000001190e8       0x80 binaries/ethread.o
                                         0xac (size before relaxing)
 .eh_frame      0x0000000000119168       0x48 binaries/ethwrite.o
                                         0x74 (size before relaxing)
 .eh_frame      0x00000000001191b0       0x3c binaries/rdsbufalloc.o
                                         0x68 (size before relaxing)
 .eh_frame      0x00000000001191ec       0x3c binaries/rdsclose.o
                                         0x68 (size before relaxing)
 .eh_frame      0x0000000000119228       0x90 binaries/rdscomm.o
                                         0xbc (size before relaxing)
 .eh_frame      0x00000000001192b8       0xb4 binaries/rdscontrol.o
                                         0xe0 (size before relaxing)
 .eh_frame      0x000000000011936c       0x9c binaries/rdsinit.o
                                         0xc8 (size before relaxing)
 .eh_frame      0x0000000000119408       0x80 binaries/rdsopen.o
                                         0xac (size before relaxing)
 .eh_frame      0x0000000000119488       0xf8 binaries/rdsprocess.o
                                        0x124 (size before relaxing)
 .eh_frame      0x0000000000119580       0x7c binaries/rdsread.o
                                         0xa8 (size before relaxing)
 .eh_frame      0x00000000001195fc       0x80 binaries/rdswrite.o
                                         0xac (size before relaxing)
 .eh_frame      0x000000000011967c       0x14 binaries/ramclose.o
                                         0x2c (size before relaxing)
 .eh_frame      0x0000000000119690       0x40 binaries/raminit.o
                                         0x6c (size before relaxing)
 .eh_frame      0x00000000001196d0       0x14 binaries/ramopen.o
                                         0x2c (size before relaxing)
 .eh_frame      0x00000000001196e4       0x2c binaries/ramread.o
                                         0x58 (size before relaxing)
 .eh_frame      0x0000000000119710       0x2c binaries/ramwrite.o
                                         0x58 (size before relaxing)
 .eh_frame      0x000000000011973c       0x80 binaries/lfdballoc.o
                                         0xac (size before relaxing)
 .eh_frame      0x00000000001197bc       0x50 binaries/lfdbfree.o
                                         0x7c (size before relaxing)
 .eh_frame      0x000000000011980c       0x5c binaries/lfflush.o
                                         0x88 (size before relaxing)
 .eh_frame      0x0000000000119868       0x14 binaries/lfgetmode.o
                                         0x2c (size before relaxing)
 .eh_frame      0x000000000011987c       0x5c binaries/lfiballoc.o
                                         0x88 (size before relaxing)
 .eh_frame      0x00000000001198d8       0x14 binaries/lfibclear.o
                                         0x2c (size before relaxing)
 .eh_frame      0x00000000001198ec       0x4c binaries/lfibget.o
                                         0x78 (size before relaxing)
 .eh_frame      0x0000000000119938       0x68 binaries/lfibput.o
                                         0x94 (size before relaxing)
 .eh_frame      0x00000000001199a0       0x54 binaries/lflclose.o
                                         0x80 (size before relaxing)
 .eh_frame      0x00000000001199f4       0x74 binaries/lflcontrol.o
                                         0xa0 (size before relaxing)
 .eh_frame      0x0000000000119a68       0x6c binaries/lflgetc.o
                                         0x98 (size before relaxing)
 .eh_frame      0x0000000000119ad4       0x5c binaries/lflinit.o
                                         0x88 (size before relaxing)
 .eh_frame      0x0000000000119b30       0x6c binaries/lflputc.o
                                         0x98 (size before relaxing)
 .eh_frame      0x0000000000119b9c       0x48 binaries/lflread.o
                                         0x74 (size before relaxing)
 .eh_frame      0x0000000000119be4       0x60 binaries/lflseek.o
                                         0x8c (size before relaxing)
 .eh_frame      0x0000000000119c44       0x48 binaries/lflwrite.o
                                         0x74 (size before relaxing)
 .eh_frame      0x0000000000119c8c       0xd4 binaries/lfsckfmt.o
                                        0x100 (size before relaxing)
 .eh_frame      0x0000000000119d60       0xd4 binaries/lfscreate.o
                                        0x100 (size before relaxing)
 .eh_frame      0x0000000000119e34       0xbc binaries/lfsetup.o
                                         0xe8 (size before relaxing)
 .eh_frame      0x0000000000119ef0       0x38 binaries/lfsinit.o
                                         0x64 (size before relaxing)
 .eh_frame      0x0000000000119f28       0x90 binaries/lfsopen.o
                                         0xbc (size before relaxing)
 .eh_frame      0x0000000000119fb8       0x84 binaries/lftruncate.o
                                         0xb0 (size before relaxing)
 .eh_frame      0x000000000011a03c       0x3c binaries/rflclose.o
                                         0x68 (size before relaxing)
 .eh_frame      0x000000000011a078       0x30 binaries/rflgetc.o
                                         0x5c (size before relaxing)
 .eh_frame      0x000000000011a0a8       0x30 binaries/rflinit.o
                                         0x5c (size before relaxing)
 .eh_frame      0x000000000011a0d8       0x30 binaries/rflputc.o
                                         0x5c (size before relaxing)
 .eh_frame      0x000000000011a108       0xdc binaries/rflread.o
                                        0x108 (size before relaxing)
 .eh_frame      0x000000000011a1e4       0x3c binaries/rflseek.o
                                         0x68 (size before relaxing)
 .eh_frame      0x000000000011a220       0xd0 binaries/rflwrite.o
                                         0xfc (size before relaxing)
 .eh_frame      0x000000000011a2f0       0x88 binaries/rfscomm.o
                                         0xb4 (size before relaxing)
 .eh_frame      0x000000000011a378      0x11c binaries/rfscontrol.o
                                        0x148 (size before relaxing)
 .eh_frame      0x000000000011a494       0x14 binaries/rfsgetmode.o
                                         0x2c (size before relaxing)
 .eh_frame      0x000000000011a4a8       0x50 binaries/rfsinit.o
                                         0x7c (size before relaxing)
 .eh_frame      0x000000000011a4f8       0x50 binaries/rfsndmsg.o
                                         0x7c (size before relaxing)
 .eh_frame      0x000000000011a548       0xdc binaries/rfsopen.o
                                        0x108 (size before relaxing)
 .eh_frame      0x000000000011a624      0x27c binaries/arp.o
                                        0x2bc (size before relaxing)
 .eh_frame      0x000000000011a8a0      0x284 binaries/dhcp.o
                                        0x2b0 (size before relaxing)
 .eh_frame      0x000000000011ab24       0x40 binaries/dot2ip.o
                                         0x58 (size before relaxing)
 .eh_frame      0x000000000011ab64      0x1bc binaries/hexdump.o
                                        0x1e8 (size before relaxing)
 .eh_frame      0x000000000011ad20      0x310 binaries/icmp.o
                                        0x350 (size before relaxing)
 .eh_frame      0x000000000011b030      0x2e8 binaries/ip.o
                                        0x314 (size before relaxing)
 .eh_frame      0x000000000011b318      0x138 binaries/net.o
                                        0x164 (size before relaxing)
 .eh_frame      0x000000000011b450       0x74 binaries/netstart.o
                                         0xa0 (size before relaxing)
 .eh_frame      0x000000000011b4c4      0x394 binaries/pdump.o
                                        0x3c0 (size before relaxing)
 .eh_frame      0x000000000011b858      0x260 binaries/tftp.o
                                        0x28c (size before relaxing)
 .eh_frame      0x000000000011bab8      0x36c binaries/udp.o
                                        0x3ac (size before relaxing)
 .eh_frame      0x000000000011be24       0x68 binaries/addargs.o
                                         0x94 (size before relaxing)
 .eh_frame      0x000000000011be8c       0x40 binaries/lexan.o
                                         0x58 (size before relaxing)
 .eh_frame      0x000000000011becc      0x24c binaries/shell.o
                                        0x278 (size before relaxing)
 .eh_frame      0x000000000011c118       0x5c binaries/xsh_argecho.o
                                         0x88 (size before relaxing)
 .eh_frame      0x000000000011c174       0xe0 binaries/xsh_arp.o
                                        0x10c (size before relaxing)
 .eh_frame      0x000000000011c254       0xac binaries/xsh_cat.o
                                         0xd8 (size before relaxing)
 .eh_frame      0x000000000011c300       0x3c binaries/xsh_clear.o
                                         0x68 (size before relaxing)
 .eh_frame      0x000000000011c33c      0x108 binaries/xsh_date.o
                                        0x134 (size before relaxing)
 .eh_frame      0x000000000011c444       0x64 binaries/xsh_devdump.o
                                         0x90 (size before relaxing)
 .eh_frame      0x000000000011c4a8       0x5c binaries/xsh_echo.o
                                         0x88 (size before relaxing)
 .eh_frame      0x000000000011c504       0x14 binaries/xsh_exit.o
                                         0x2c (size before relaxing)
 .eh_frame      0x000000000011c518       0xd4 binaries/xsh_help.o
                                        0x100 (size before relaxing)
 .eh_frame      0x000000000011c5ec      0x194 binaries/xsh_ipaddr.o
                                        0x1c0 (size before relaxing)
 .eh_frame      0x000000000011c780       0xac binaries/xsh_kill.o
                                         0xd8 (size before relaxing)
 .eh_frame      0x000000000011c82c      0x130 binaries/xsh_memdump.o
                                        0x15c (size before relaxing)
 .eh_frame      0x000000000011c95c       0xbc binaries/xsh_memstat.o
                                         0xe8 (size before relaxing)
 .eh_frame      0x000000000011ca18      0x10c binaries/xsh_ping.o
                                        0x138 (size before relaxing)
 .eh_frame      0x000000000011cb24       0xd8 binaries/xsh_ps.o
                                        0x104 (size before relaxing)
 .eh_frame      0x000000000011cbfc       0xac binaries/xsh_sleep.o
                                         0xd8 (size before relaxing)
 .eh_frame      0x000000000011cca8       0xe8 binaries/xsh_udpdump.o
                                        0x114 (size before relaxing)
 .eh_frame      0x000000000011cd90      0x1b0 binaries/xsh_udpecho.o
                                        0x1dc (size before relaxing)
 .eh_frame      0x000000000011cf40      0x128 binaries/xsh_udpeserver.o
                                        0x154 (size before relaxing)
 .eh_frame      0x000000000011d068       0xb8 binaries/xsh_uptime.o
                                         0xe4 (size before relaxing)

.iplt           0x000000000011d120        0x0
 .iplt          0x000000000011d120        0x0 binaries/start.o

.rel.dyn        0x000000000011d120        0x0
 .rel.got       0x000000000011d120        0x0 binaries/start.o
 .rel.iplt      0x000000000011d120        0x0 binaries/start.o
 .rel.text      0x000000000011d120        0x0 binaries/start.o

.data           0x000000000011d120      0xee0
                0x000000000011d120                data = ABSOLUTE (.)
 *(.data .data.*)
 .data          0x000000000011d120      0x85a binaries/start.o
                0x000000000011d120                gdt
                0x000000000011d170                idt
                0x000000000011d976                cpudelay
 .data          0x000000000011d97a        0x0 binaries/ascdate.o
 *fill*         0x000000000011d97a        0x6 
 .data.rel.local
                0x000000000011d980       0x88 binaries/ascdate.o
                0x000000000011d980                Date
 .data          0x000000000011da08        0x0 binaries/bufinit.o
 .data          0x000000000011da08        0x0 binaries/cbreg.o
 .data          0x000000000011da08        0x0 binaries/chprio.o
 .data          0x000000000011da08        0x4 binaries/clkhandler.o
 .data          0x000000000011da0c        0x0 binaries/clkinit.o
 .data          0x000000000011da0c        0x0 binaries/close.o
 .data          0x000000000011da0c        0x0 binaries/conf.o
 *fill*         0x000000000011da0c       0x14 
 .data.rel      0x000000000011da20      0x30c binaries/conf.o
                0x000000000011da20                devtab
 .data          0x000000000011dd2c        0x0 binaries/control.o
 .data          0x000000000011dd2c        0x4 binaries/create.o
 .data          0x000000000011dd30        0x0 binaries/early_imr.o
 .data          0x000000000011dd30        0x0 binaries/evec.o
 *fill*         0x000000000011dd30       0x10 
 .data.rel.local
                0x000000000011dd40       0x40 binaries/evec.o
                0x000000000011dd40                inames
 .data          0x000000000011dd80        0x0 binaries/freebuf.o
 .data          0x000000000011dd80        0x0 binaries/freemem.o
 .data          0x000000000011dd80        0x0 binaries/getbuf.o
 .data          0x000000000011dd80        0x0 binaries/getc.o
 .data          0x000000000011dd80        0x0 binaries/getdev.o
 .data          0x000000000011dd80        0x0 binaries/getitem.o
 .data          0x000000000011dd80        0x0 binaries/getmem.o
 .data          0x000000000011dd80        0x0 binaries/getpid.o
 .data          0x000000000011dd80        0x0 binaries/getprio.o
 .data          0x000000000011dd80        0x0 binaries/getstk.o
 .data          0x000000000011dd80        0x0 binaries/gettime.o
 .data          0x000000000011dd80        0x0 binaries/getutime.o
 .data          0x000000000011dd80        0x0 binaries/init.o
 .data          0x000000000011dd80        0x0 binaries/initialize.o
 .data          0x000000000011dd80        0x0 binaries/insert.o
 .data          0x000000000011dd80        0x0 binaries/insertd.o
 .data          0x000000000011dd80        0x0 binaries/ioerr.o
 .data          0x000000000011dd80        0x0 binaries/ionull.o
 .data          0x000000000011dd80        0x0 binaries/kill.o
 .data          0x000000000011dd80        0x0 binaries/kprintf.o
 .data          0x000000000011dd80        0x0 binaries/main.o
 .data          0x000000000011dd80        0x0 binaries/mark.o
 .data          0x000000000011dd80       0x48 binaries/meminit.o
                0x000000000011dd80                gdt_copy
                0x000000000011ddc0                bootinfo
                0x000000000011ddc4                bootsign
 .data          0x000000000011ddc8        0x0 binaries/mkbufpool.o
 .data          0x000000000011ddc8        0x2 binaries/newqueue.o
 .data          0x000000000011ddca        0x0 binaries/open.o
 .data          0x000000000011ddca        0x0 binaries/panic.o
 .data          0x000000000011ddca        0x0 binaries/pci.o
 .data          0x000000000011ddca        0x0 binaries/platinit.o
 .data          0x000000000011ddca        0x0 binaries/ptclear.o
 .data          0x000000000011ddca        0x0 binaries/ptcount.o
 .data          0x000000000011ddca        0x0 binaries/ptcreate.o
 .data          0x000000000011ddca        0x0 binaries/ptdelete.o
 .data          0x000000000011ddca        0x0 binaries/ptinit.o
 .data          0x000000000011ddca        0x0 binaries/ptrecv.o
 .data          0x000000000011ddca        0x0 binaries/ptreset.o
 .data          0x000000000011ddca        0x0 binaries/ptsend.o
 .data          0x000000000011ddca        0x0 binaries/putc.o
 .data          0x000000000011ddca        0x0 binaries/quark_irq.o
 .data          0x000000000011ddca        0x0 binaries/quark_pdat.o
 .data          0x000000000011ddca        0x0 binaries/queue.o
 .data          0x000000000011ddca        0x0 binaries/read.o
 .data          0x000000000011ddca        0x0 binaries/ready.o
 .data          0x000000000011ddca        0x0 binaries/receive.o
 .data          0x000000000011ddca        0x0 binaries/recvclr.o
 .data          0x000000000011ddca        0x0 binaries/recvtime.o
 .data          0x000000000011ddca        0x0 binaries/resched.o
 .data          0x000000000011ddca        0x0 binaries/resume.o
 .data          0x000000000011ddca        0x0 binaries/seek.o
 .data          0x000000000011ddca        0x0 binaries/semcount.o
 .data          0x000000000011ddca        0x0 binaries/semcreate.o
 .data          0x000000000011ddca        0x0 binaries/semdelete.o
 .data          0x000000000011ddca        0x0 binaries/semreset.o
 .data          0x000000000011ddca        0x0 binaries/sendblk.o
 .data          0x000000000011ddca        0x0 binaries/send.o
 .data          0x000000000011ddca        0x0 binaries/signal.o
 .data          0x000000000011ddca        0x0 binaries/signaln.o
 .data          0x000000000011ddca        0x0 binaries/sleep.o
 .data          0x000000000011ddca        0x0 binaries/suspend.o
 .data          0x000000000011ddca        0x0 binaries/unsleep.o
 .data          0x000000000011ddca        0x0 binaries/userret.o
 .data          0x000000000011ddca        0x0 binaries/wait.o
 .data          0x000000000011ddca        0x0 binaries/wakeup.o
 .data          0x000000000011ddca        0x0 binaries/write.o
 .data          0x000000000011ddca        0x0 binaries/xdone.o
 .data          0x000000000011ddca        0x0 binaries/yield.o
 .data          0x000000000011ddca        0x0 binaries/abs.o
 .data          0x000000000011ddca        0x0 binaries/atoi.o
 .data          0x000000000011ddca        0x0 binaries/atol.o
 .data          0x000000000011ddca        0x0 binaries/bzero.o
 .data          0x000000000011ddca        0x0 binaries/ctype_.o
 .data          0x000000000011ddca        0x0 binaries/doprnt.o
 *fill*         0x000000000011ddca       0x16 
 .data          0x000000000011dde0       0x80 binaries/doscan.o
                0x000000000011dde0                _sctab
 .data          0x000000000011de60        0x0 binaries/fdoprnt.o
 .data          0x000000000011de60        0x0 binaries/fgetc.o
 .data          0x000000000011de60        0x0 binaries/fgets.o
 .data          0x000000000011de60        0x0 binaries/fprintf.o
 .data          0x000000000011de60        0x0 binaries/fputc.o
 .data          0x000000000011de60        0x0 binaries/fputs.o
 .data          0x000000000011de60        0x0 binaries/fscanf.o
 .data          0x000000000011de60        0x0 binaries/getchar.o
 .data          0x000000000011de60        0x0 binaries/labs.o
 .data          0x000000000011de60        0x0 binaries/memchr.o
 .data          0x000000000011de60        0x0 binaries/memcmp.o
 .data          0x000000000011de60        0x0 binaries/memcpy.o
 .data          0x000000000011de60        0x0 binaries/memset.o
 .data          0x000000000011de60        0x0 binaries/printf.o
 .data          0x000000000011de60        0x0 binaries/putchar.o
 .data          0x000000000011de60        0x0 binaries/qsort.o
 .data          0x000000000011de60        0x4 binaries/rand.o
 .data          0x000000000011de64        0x0 binaries/sprintf.o
 .data          0x000000000011de64        0x0 binaries/sscanf.o
 .data          0x000000000011de64        0x0 binaries/strchr.o
 .data          0x000000000011de64        0x0 binaries/strcmp.o
 .data          0x000000000011de64        0x0 binaries/strcpy.o
 .data          0x000000000011de64        0x0 binaries/strlen.o
 .data          0x000000000011de64        0x0 binaries/strncat.o
 .data          0x000000000011de64        0x0 binaries/strncmp.o
 .data          0x000000000011de64        0x0 binaries/strncpy.o
 .data          0x000000000011de64        0x0 binaries/strnlen.o
 .data          0x000000000011de64        0x0 binaries/strrchr.o
 .data          0x000000000011de64        0x0 binaries/strstr.o
 .data          0x000000000011de64        0x0 binaries/ttycontrol.o
 .data          0x000000000011de64        0x0 binaries/ttygetc.o
 .data          0x000000000011de64        0x0 binaries/ttyhandle_in.o
 .data          0x000000000011de64        0x0 binaries/ttyhandle_out.o
 .data          0x000000000011de64        0x0 binaries/ttyhandler.o
 .data          0x000000000011de64        0x0 binaries/ttyinit.o
 .data          0x000000000011de64        0x0 binaries/ttykickout.o
 .data          0x000000000011de64        0x0 binaries/ttyputc.o
 .data          0x000000000011de64        0x0 binaries/ttyread.o
 .data          0x000000000011de64        0x0 binaries/ttywrite.o
 .data          0x000000000011de64        0x0 binaries/mount.o
 .data          0x000000000011de64        0x0 binaries/naminit.o
 .data          0x000000000011de64        0x0 binaries/nammap.o
 .data          0x000000000011de64        0x0 binaries/namopen.o
 .data          0x000000000011de64        0x0 binaries/colon2mac.o
 .data          0x000000000011de64        0x0 binaries/ethcontrol.o
 .data          0x000000000011de64        0x0 binaries/ethhandler.o
 .data          0x000000000011de64        0x0 binaries/ethinit.o
 .data          0x000000000011de64        0x0 binaries/ethmcast.o
 .data          0x000000000011de64        0x0 binaries/ethread.o
 .data          0x000000000011de64        0x0 binaries/ethwrite.o
 .data          0x000000000011de64        0x0 binaries/rdsbufalloc.o
 .data          0x000000000011de64        0x0 binaries/rdsclose.o
 .data          0x000000000011de64        0x0 binaries/rdscomm.o
 .data          0x000000000011de64        0x0 binaries/rdscontrol.o
 .data          0x000000000011de64        0x0 binaries/rdsinit.o
 .data          0x000000000011de64        0x0 binaries/rdsopen.o
 .data          0x000000000011de64        0x0 binaries/rdsprocess.o
 .data          0x000000000011de64        0x0 binaries/rdsread.o
 .data          0x000000000011de64        0x0 binaries/rdswrite.o
 .data          0x000000000011de64        0x0 binaries/ramclose.o
 .data          0x000000000011de64        0x0 binaries/raminit.o
 .data          0x000000000011de64        0x0 binaries/ramopen.o
 .data          0x000000000011de64        0x0 binaries/ramread.o
 .data          0x000000000011de64        0x0 binaries/ramwrite.o
 .data          0x000000000011de64        0x0 binaries/lfdballoc.o
 .data          0x000000000011de64        0x0 binaries/lfdbfree.o
 .data          0x000000000011de64        0x0 binaries/lfflush.o
 .data          0x000000000011de64        0x0 binaries/lfgetmode.o
 .data          0x000000000011de64        0x0 binaries/lfiballoc.o
 .data          0x000000000011de64        0x0 binaries/lfibclear.o
 .data          0x000000000011de64        0x0 binaries/lfibget.o
 .data          0x000000000011de64        0x0 binaries/lfibput.o
 .data          0x000000000011de64        0x0 binaries/lflclose.o
 .data          0x000000000011de64        0x0 binaries/lflcontrol.o
 .data          0x000000000011de64        0x0 binaries/lflgetc.o
 .data          0x000000000011de64        0x0 binaries/lflinit.o
 .data          0x000000000011de64        0x0 binaries/lflputc.o
 .data          0x000000000011de64        0x0 binaries/lflread.o
 .data          0x000000000011de64        0x0 binaries/lflseek.o
 .data          0x000000000011de64        0x0 binaries/lflwrite.o
 .data          0x000000000011de64        0x0 binaries/lfsckfmt.o
 .data          0x000000000011de64        0x0 binaries/lfscreate.o
 .data          0x000000000011de64        0x0 binaries/lfsetup.o
 .data          0x000000000011de64        0x0 binaries/lfsinit.o
 .data          0x000000000011de64        0x0 binaries/lfsopen.o
 .data          0x000000000011de64        0x0 binaries/lftruncate.o
 .data          0x000000000011de64        0x0 binaries/rflclose.o
 .data          0x000000000011de64        0x0 binaries/rflgetc.o
 .data          0x000000000011de64        0x0 binaries/rflinit.o
 .data          0x000000000011de64        0x0 binaries/rflputc.o
 .data          0x000000000011de64        0x0 binaries/rflread.o
 .data          0x000000000011de64        0x0 binaries/rflseek.o
 .data          0x000000000011de64        0x0 binaries/rflwrite.o
 .data          0x000000000011de64        0x0 binaries/rfscomm.o
 .data          0x000000000011de64        0x0 binaries/rfscontrol.o
 .data          0x000000000011de64        0x0 binaries/rfsgetmode.o
 .data          0x000000000011de64        0x0 binaries/rfsinit.o
 .data          0x000000000011de64        0x0 binaries/rfsndmsg.o
 .data          0x000000000011de64        0x0 binaries/rfsopen.o
 .data          0x000000000011de64        0x0 binaries/arp.o
 .data          0x000000000011de64        0x0 binaries/dhcp.o
 .data          0x000000000011de64        0x0 binaries/dot2ip.o
 .data          0x000000000011de64        0x0 binaries/hexdump.o
 .data          0x000000000011de64        0x4 binaries/icmp.o
 .data          0x000000000011de68        0x0 binaries/ip.o
 .data          0x000000000011de68        0x0 binaries/net.o
 .data          0x000000000011de68        0x0 binaries/netstart.o
 .data          0x000000000011de68        0x0 binaries/pdump.o
 .data          0x000000000011de68        0x0 binaries/tftp.o
 .data          0x000000000011de68        0x4 binaries/udp.o
 .data          0x000000000011de6c        0x0 binaries/addargs.o
 .data          0x000000000011de6c        0x0 binaries/lexan.o
 .data          0x000000000011de6c        0x4 binaries/shell.o
                0x000000000011de6c                ncmd
 *fill*         0x000000000011de70       0x10 
 .data.rel.ro   0x000000000011de80       0xfc binaries/shell.o