
Allocating common symbols
Common symbol       size              file

netbufpool          0x4               binaries/net.o
readylist           0x2               binaries/ready.o
rfltab              0x5a0             binaries/rflinit.o
sleepq              0x2               binaries/clkinit.o
nnames              0x4               binaries/naminit.o
udptab              0x168             binaries/udp.o
minheap             0x4               binaries/meminit.o
marks               0x50              binaries/mark.o
currpid             0x4               binaries/initialize.o
Lf_data             0x20c             binaries/lfsinit.o
porttab             0x2d0             binaries/ptinit.o
girmask             0x2               binaries/evec.o
ttytab              0x10c             binaries/ttyinit.o
proctab             0x15e0            binaries/initialize.o
prcount             0x4               binaries/initialize.o
lfltab              0xf00             binaries/lflinit.o
rdstab              0x8c              binaries/rdsinit.o
ethertab            0x138             binaries/ethinit.o
NetData             0xa8              binaries/net.o
nmarks              0x4               binaries/mark.o
Defer               0x8               binaries/resched.o
semtab              0x4b0             binaries/initialize.o
maxheap             0x4               binaries/meminit.o
preempt             0x4               binaries/clkinit.o
buftab              0xf0              binaries/bufinit.o
Rf_data             0x18              binaries/rfsinit.o
mkmutex             0x4               binaries/mark.o
clktime             0x4               binaries/clkinit.o
arpcache            0x140             binaries/arp.o
icmptab             0x230             binaries/icmp.o
nbpools             0x4               binaries/bufinit.o
queuetab            0x980             binaries/queue.o
ptnextid            0x4               binaries/ptinit.o
Ram                 0x19000           binaries/raminit.o
ipoqueue            0x2c              binaries/ip.o
memlist             0x8               binaries/initialize.o
nametab             0x19a0            binaries/naminit.o
ptfree              0x4               binaries/ptinit.o

Discarded input sections

 .group         0x0000000000000000        0x8 binaries/ascdate.o
 .group         0x0000000000000000        0x8 binaries/bufinit.o
 .group         0x0000000000000000        0x8 binaries/chprio.o
 .text.__x86.get_pc_thunk.bx
                0x0000000000000000        0x4 binaries/chprio.o
 .group         0x0000000000000000        0x8 binaries/clkhandler.o
 .text.__x86.get_pc_thunk.bx
                0x0000000000000000        0x4 binaries/clkhandler.o
 .group         0x0000000000000000        0x8 binaries/clkinit.o
 .text.__x86.get_pc_thunk.bx
                0x0000000000000000        0x4 binaries/clkinit.o
 .group         0x0000000000000000        0x8 binaries/close.o
 .text.__x86.get_pc_thunk.bx
                0x0000000000000000        0x4 binaries/close.o
 .group         0x0000000000000000        0x8 binaries/control.o
 .text.__x86.get_pc_thunk.bx
                0x0000000000000000        0x4 binaries/control.o
 .group         0x0000000000000000        0x8 binaries/create.o
 .text.__x86.get_pc_thunk.bx
                0x0000000000000000        0x4 binaries/create.o
 .group         0x0000000000000000        0x8 binaries/early_imr.o
 .text.__x86.get_pc_thunk.bx
                0x0000000000000000        0x4 binaries/early_imr.o
 .group         0x0000000000000000        0x8 binaries/evec.o
 .text.__x86.get_pc_thunk.bx
                0x0000000000000000        0x4 binaries/evec.o
 .group         0x0000000000000000        0x8 binaries/freebuf.o
 .text.__x86.get_pc_thunk.bx
                0x0000000000000000        0x4 binaries/freebuf.o
 .group         0x0000000000000000        0x8 binaries/freemem.o
 .text.__x86.get_pc_thunk.bx
                0x0000000000000000        0x4 binaries/freemem.o
 .group         0x0000000000000000        0x8 binaries/getbuf.o
 .text.__x86.get_pc_thunk.bx
                0x0000000000000000        0x4 binaries/getbuf.o
 .group         0x0000000000000000        0x8 binaries/getc.o
 .text.__x86.get_pc_thunk.bx
                0x0000000000000000        0x4 binaries/getc.o
 .group         0x0000000000000000        0x8 binaries/getdev.o
 .text.__x86.get_pc_thunk.bx
                0x0000000000000000        0x4 binaries/getdev.o
 .group         0x0000000000000000        0x8 binaries/getitem.o
 .group         0x0000000000000000        0x8 binaries/getitem.o
 .text.__x86.get_pc_thunk.ax
                0x0000000000000000        0x4 binaries/getitem.o
 .group         0x0000000000000000        0x8 binaries/getmem.o
 .text.__x86.get_pc_thunk.bx
                0x0000000000000000        0x4 binaries/getmem.o
 .group         0x0000000000000000        0x8 binaries/getpid.o
 .text.__x86.get_pc_thunk.ax
                0x0000000000000000        0x4 binaries/getpid.o
[...]
Memory Configuration

Name             Origin             Length             Attributes
*default*        0x0000000000000000 0xffffffffffffffff

Linker script and memory map

                0x0000000000100000                physbase = 0x100000
                0x0000000000100000                . = physbase
                0x0000000000100000                . = ALIGN (0x1000)

.text           0x0000000000100000    0x16000
                0x0000000000100000                text = ABSOLUTE (.)
 *(.text .text.*)
 .text          0x0000000000100000      0x1a8 binaries/start.o
                0x0000000000100024                start
                0x00000000001000f6                inb
                0x00000000001000fe                inw
                0x0000000000100107                inl
                0x000000000010010f                outb
                0x0000000000100119                outw
                0x0000000000100124                outl
                0x000000000010012e                _rtcin
                0x0000000000100139                ___udivsi3
                0x0000000000100144                ___divsi3
                0x0000000000100150                sbzero
                0x0000000000100160                bcopy
                0x0000000000100174                insw
                0x000000000010018a                outsw
                0x00000000001001a0                lidt
 .text          0x00000000001001a8      0x2e5 binaries/ascdate.o
                0x00000000001001a8                ascdate
 .text.__x86.get_pc_thunk.bx
                0x000000000010048d        0x4 binaries/ascdate.o
                0x000000000010048d                __x86.get_pc_thunk.bx
 .text          0x0000000000100491       0x1c binaries/bufinit.o
                0x0000000000100491                bufinit
 .text.__x86.get_pc_thunk.ax
                0x00000000001004ad        0x4 binaries/bufinit.o
                0x00000000001004ad                __x86.get_pc_thunk.ax
 .text          0x00000000001004b1       0x82 binaries/chprio.o
                0x00000000001004b1                chprio
 .text          0x0000000000100533       0x8f binaries/clkhandler.o
                0x0000000000100533                clkhandler
 .text          0x00000000001005c2       0x6e binaries/clkinit.o
                0x00000000001005c2                clkinit
 .text          0x0000000000100630       0x5c binaries/close.o
                0x0000000000100630                close
 .text          0x000000000010068c        0x0 binaries/conf.o
 .text          0x000000000010068c       0x65 binaries/control.o
                0x000000000010068c                control
 .text          0x00000000001006f1      0x247 binaries/create.o
                0x00000000001006f1                create
 .text          0x0000000000100938      0x23b binaries/early_imr.o
                0x0000000000100938                intel_cln_early_sb_read_reg
                0x000000000010099f                intel_cln_early_sb_write_reg
                0x0000000000100a5e                remove_irm_protections
 .text          0x0000000000100b73      0x373 binaries/evec.o
                0x0000000000100b73                setirmask
                0x0000000000100bc4                set_evec
                0x0000000000100c38                initevec
                0x0000000000100d19                trap
 .text          0x0000000000100ee6       0x91 binaries/freebuf.o
                0x0000000000100ee6                freebuf
 .text          0x0000000000100f77      0x123 binaries/freemem.o
                0x0000000000100f77                freemem
 .text          0x000000000010109a       0x75 binaries/getbuf.o
                0x000000000010109a                getbuf
 .text          0x000000000010110f       0x5c binaries/getc.o
                0x000000000010110f                getc
 .text          0x000000000010116b       0x79 binaries/getdev.o
                0x000000000010116b                getdev
 .text          0x00000000001011e4       0x96 binaries/getitem.o
                0x00000000001011e4                getitem
                0x0000000000101217                getfirst
                0x0000000000101247                getlast
 .text.__x86.get_pc_thunk.dx
                0x000000000010127a        0x4 binaries/getitem.o
                0x000000000010127a                __x86.get_pc_thunk.dx
 .text          0x000000000010127e       0xce binaries/getmem.o
                0x000000000010127e                getmem
 .text          0x000000000010134c       0x13 binaries/getpid.o
                0x000000000010134c                getpid
 .text          0x000000000010135f       0x74 binaries/getprio.o
                0x000000000010135f                getprio
 .text          0x00000000001013d3       0xc0 binaries/getstk.o
                0x00000000001013d3                getstk
 .text          0x0000000000101493       0x41 binaries/gettime.o
                0x0000000000101493                gettime
 .text          0x00000000001014d4      0x1db binaries/getutime.o
                0x00000000001014d4                getutime
 .text          0x00000000001016af       0x5c binaries/init.o
                0x00000000001016af                init
 .text          0x000000000010170b      0x271 binaries/initialize.o
                0x000000000010170b                nulluser
                0x0000000000101927                stop
                0x0000000000101959                delay
 .text          0x000000000010197c       0x9b binaries/insert.o
                0x000000000010197c                insert
 .text.__x86.get_pc_thunk.di
                0x0000000000101a17        0x4 binaries/insert.o
                0x0000000000101a17                __x86.get_pc_thunk.di
 .text          0x0000000000101a1b       0xfa binaries/insertd.o
                0x0000000000101a1b                insertd
 .text          0x0000000000101b15        0x6 binaries/ioerr.o
                0x0000000000101b15                ioerr
 .text          0x0000000000101b1b        0x6 binaries/ionull.o
                0x0000000000101b1b                ionull
 .text          0x0000000000101b21      0x19f binaries/kill.o
                0x0000000000101b21                kill
 .text          0x0000000000101cc0       0xe2 binaries/kprintf.o
                0x0000000000101cc0                kputc
                0x0000000000101cfe                console_init
                0x0000000000101d42                kgetc
                0x0000000000101d71                kprintf
 .text          0x0000000000101da2       0xd7 binaries/main.o
                0x0000000000101da2                prch
                0x0000000000101dca                main
 .text          0x0000000000101e79       0xb3 binaries/mark.o
                0x0000000000101e79                markinit
                0x0000000000101ea8                mark
 .text          0x0000000000101f2c      0x22c binaries/meminit.o
                0x0000000000101f2c                meminit
                0x00000000001020d2                setsegs
 .text          0x0000000000102158      0x14a binaries/mkbufpool.o
                0x0000000000102158                mkbufpool
 .text          0x00000000001022a2       0x5e binaries/newqueue.o
                0x00000000001022a2                newqueue
 .text.__x86.get_pc_thunk.cx
                0x0000000000102300        0x4 binaries/newqueue.o
                0x0000000000102300                __x86.get_pc_thunk.cx
 .text          0x0000000000102304       0x64 binaries/open.o
                0x0000000000102304                open
 .text          0x0000000000102368       0x2c binaries/panic.o
                0x0000000000102368                panic
 .text          0x0000000000102394      0x280 binaries/pci.o
                0x0000000000102394                pci_init
                0x000000000010239a                find_pci_device
                0x000000000010245c                pci_read_config_byte
                0x0000000000102499                pci_read_config_word
                0x00000000001024d8                pci_read_config_dword
                0x0000000000102515                pci_write_config_byte
                0x0000000000102550                pci_write_config_word
                0x000000000010258c                pci_write_config_dword
                0x00000000001025c7                pci_get_dev_mmio_base_addr
 .text          0x0000000000102614       0x68 binaries/platinit.o
                0x0000000000102614                platinit
 .text          0x000000000010267c       0xab binaries/ptclear.o
                0x000000000010267c                _ptclear
 .text          0x0000000000102727       0x9f binaries/ptcount.o
                0x0000000000102727                ptcount
 .text          0x00000000001027c6       0xf4 binaries/ptcreate.o
                0x00000000001027c6                ptcreate
 .text          0x00000000001028ba       0x70 binaries/ptdelete.o
                0x00000000001028ba                ptdelete
 .text          0x000000000010292a       0xa0 binaries/ptinit.o
                0x000000000010292a                ptinit
 .text          0x00000000001029ca      0x123 binaries/ptrecv.o
                0x00000000001029ca                ptrecv
 .text          0x0000000000102aed       0x68 binaries/ptreset.o
                0x0000000000102aed                ptreset
 .text          0x0000000000102b55      0x15c binaries/ptsend.o
                0x0000000000102b55                ptsend
 .text          0x0000000000102cb1       0x6e binaries/putc.o
                0x0000000000102cb1                putc
 .text          0x0000000000102d1f       0xc3 binaries/quark_irq.o
                0x0000000000102d1f                quark_irq_routing
 .text          0x0000000000102de2      0x1bb binaries/quark_pdat.o
                0x0000000000102de2                get_quark_pdat_entry_data_by_id
                0x0000000000102ebb                get_quark_pdat_entry_data_by_desc
 .text          0x0000000000102f9d       0xc9 binaries/queue.o
                0x0000000000102f9d                enqueue
                0x000000000010300b                dequeue
 .text          0x0000000000103066       0x64 binaries/read.o
                0x0000000000103066                read
 .text          0x00000000001030ca       0x7f binaries/ready.o
                0x00000000001030ca                ready
 .text          0x0000000000103149       0x84 binaries/receive.o
                0x0000000000103149                receive
 .text          0x00000000001031cd       0x68 binaries/recvclr.o
                0x00000000001031cd                recvclr
 .text          0x0000000000103235       0xd4 binaries/recvtime.o
                0x0000000000103235                recvtime
 .text          0x0000000000103309      0x184 binaries/resched.o
                0x0000000000103309                resched
                0x0000000000103400                resched_cntl
 .text          0x000000000010348d       0x9b binaries/resume.o
                0x000000000010348d                resume
 .text          0x0000000000103528       0x60 binaries/seek.o
                0x0000000000103528                seek
 .text          0x0000000000103588       0x65 binaries/semcount.o
                0x0000000000103588                semcount
 .text          0x00000000001035ed       0xb5 binaries/semcreate.o
                0x00000000001035ed                semcreate
 .text          0x00000000001036a2       0xe0 binaries/semdelete.o
                0x00000000001036a2                semdelete
 .text          0x0000000000103782       0xc0 binaries/semreset.o
                0x0000000000103782                semreset
 .text          0x0000000000103842       0xd7 binaries/send.o
                0x0000000000103842                send
 .text          0x0000000000103919       0xa9 binaries/signal.o
                0x0000000000103919                signal
 .text          0x00000000001039c2       0xe9 binaries/signaln.o
                0x00000000001039c2                signaln
 .text          0x0000000000103aab       0xda binaries/sleep.o
                0x0000000000103aab                sleepms
                0x0000000000103b4f                sleep
 .text          0x0000000000103b85       0xda binaries/suspend.o
                0x0000000000103b85                suspend
 .text          0x0000000000103c5f       0xa2 binaries/unsleep.o
                0x0000000000103c5f                unsleep
 .text          0x0000000000103d01       0x22 binaries/userret.o
                0x0000000000103d01                userret
 .text          0x0000000000103d23       0xcc binaries/wait.o
                0x0000000000103d23                wait
 .text          0x0000000000103def       0x88 binaries/wakeup.o
                0x0000000000103def                wakeup
 .text          0x0000000000103e77       0x64 binaries/write.o
                0x0000000000103e77                write
 .text          0x0000000000103edb       0x25 binaries/xdone.o
                0x0000000000103edb                xdone
 .text          0x0000000000103f00       0x30 binaries/yield.o
                0x0000000000103f00                yield
 .text          0x0000000000103f30        0xe binaries/abs.o
                0x0000000000103f30                abs
 .text          0x0000000000103f3e       0x60 binaries/atoi.o
                0x0000000000103f3e                atoi
 .text          0x0000000000103f9e       0x60 binaries/atol.o
                0x0000000000103f9e                atol
 .text          0x0000000000103ffe       0x18 binaries/bzero.o
                0x0000000000103ffe                bzero
 .text          0x0000000000104016        0x0 binaries/ctype_.o
 .text          0x0000000000104016      0x83f binaries/doprnt.o
                0x000000000010418c                _doprnt
 .text.__x86.get_pc_thunk.si
                0x0000000000104855        0x4 binaries/doprnt.o
                0x0000000000104855                __x86.get_pc_thunk.si
 .text          0x0000000000104859      0x776 binaries/doscan.o
                0x0000000000104859                _doscan
 .text          0x0000000000104fcf      0x7a9 binaries/fdoprnt.o
                0x0000000000105055                _fdoprnt
 .text          0x0000000000105778       0x2b binaries/fgetc.o
                0x0000000000105778                fgetc
 .text          0x00000000001057a3       0x68 binaries/fgets.o
                0x00000000001057a3                fgets
 .text          0x000000000010580b       0x31 binaries/fprintf.o
                0x000000000010580b                fprintf
 .text          0x000000000010583c       0x36 binaries/fputc.o
                0x000000000010583c                fputc
 .text          0x0000000000105872       0x45 binaries/fputs.o
                0x0000000000105872                fputs
 .text          0x00000000001058b7       0x88 binaries/fscanf.o
                0x00000000001058fe                fscanf
 .text          0x000000000010593f       0x38 binaries/getchar.o
                0x000000000010593f                getchar
 .text          0x0000000000105977        0xe binaries/labs.o
                0x0000000000105977                labs
 .text          0x0000000000105985       0x34 binaries/memchr.o
                0x0000000000105985                memchr
 .text          0x00000000001059b9       0x47 binaries/memcmp.o
                0x00000000001059b9                memcmp
 .text          0x0000000000105a00       0x25 binaries/memcpy.o
                0x0000000000105a00                memcpy
 .text          0x0000000000105a25       0x1e binaries/memset.o
                0x0000000000105a25                memset
 .text          0x0000000000105a43       0x4c binaries/printf.o
                0x0000000000105a43                printf
 .text          0x0000000000105a8f       0x3c binaries/putchar.o
                0x0000000000105a8f                putchar
 .text          0x0000000000105acb      0x22b binaries/qsort.o
                0x0000000000105cbe                qsort
 .text.__x86.get_pc_thunk.bp
                0x0000000000105cf6        0x4 binaries/qsort.o
                0x0000000000105cf6                __x86.get_pc_thunk.bp
 .text          0x0000000000105cfa       0x3e binaries/rand.o
                0x0000000000105cfa                srand
                0x0000000000105d0f                rand
 .text          0x0000000000105d38       0x58 binaries/sprintf.o
                0x0000000000105d4f                sprintf
 .text          0x0000000000105d90       0x68 binaries/sscanf.o
                0x0000000000105db9                sscanf
 .text          0x0000000000105df8       0x2f binaries/strchr.o
                0x0000000000105df8                strchr
 .text          0x0000000000105e27       0x41 binaries/strcmp.o
                0x0000000000105e27                strcmp
 .text          0x0000000000105e68       0x1a binaries/strcpy.o
                0x0000000000105e68                strcpy
 .text          0x0000000000105e82       0x1c binaries/strlen.o
                0x0000000000105e82                strlen
 .text          0x0000000000105e9e       0x3a binaries/strncat.o
                0x0000000000105e9e                strncat
 .text          0x0000000000105ed8       0x36 binaries/strncmp.o
                0x0000000000105ed8                strncmp
 .text          0x0000000000105f0e       0x57 binaries/strncpy.o
                0x0000000000105f0e                strncpy
 .text          0x0000000000105f65       0x2e binaries/strnlen.o
                0x0000000000105f65                strnlen
 .text          0x0000000000105f93       0x34 binaries/strrchr.o
                0x0000000000105f93                strrchr
 .text          0x0000000000105fc7       0x75 binaries/strstr.o
                0x0000000000105fc7                strstr
 .text          0x000000000010603c      0x164 binaries/ttycontrol.o
                0x000000000010603c                ttycontrol
 .text          0x00000000001061a0       0xda binaries/ttygetc.o
                0x00000000001061a0                ttygetc
 .text          0x000000000010627a      0x4f5 binaries/ttyhandle_in.o
                0x000000000010633a                ttyhandle_in
 .text          0x000000000010676f      0x181 binaries/ttyhandle_out.o
                0x000000000010676f                ttyhandle_out
 .text          0x00000000001068f0       0x93 binaries/ttyhandler.o
                0x00000000001068f0                ttyhandler
 .text          0x0000000000106983      0x17a binaries/ttyinit.o
                0x0000000000106983                ttyinit
 .text          0x0000000000106afd        0xc binaries/ttykickout.o
                0x0000000000106afd                ttykickout
 .text          0x0000000000106b09       0xf0 binaries/ttyputc.o
                0x0000000000106b09                ttyputc
 .text          0x0000000000106bf9      0x143 binaries/ttyread.o
                0x0000000000106bf9                ttyread
 .text          0x0000000000106d3c       0x59 binaries/ttywrite.o
                0x0000000000106d3c                ttywrite
 .text          0x0000000000106d95      0x152 binaries/mount.o
                0x0000000000106d95                namlen
                0x0000000000106dcb                mount
 .text          0x0000000000106ee7      0x1f2 binaries/naminit.o
                0x0000000000106ee7                naminit
 .text          0x00000000001070d9      0x231 binaries/nammap.o
                0x00000000001070d9                namrepl
                0x0000000000107216                namcpy
                0x0000000000107261                nammap
 .text          0x000000000010730a       0x5b binaries/namopen.o
                0x000000000010730a                namopen
 .text          0x0000000000107365       0xfc binaries/colon2mac.o
                0x0000000000107365                colon2mac
 .text          0x0000000000107461       0x8d binaries/ethcontrol.o
                0x0000000000107461                ethcontrol
 .text          0x00000000001074ee      0x1bc binaries/ethhandler.o
                0x00000000001074ee                ethhandler
 .text          0x00000000001076aa      0x573 binaries/ethinit.o
                0x00000000001076aa                eth_phy_read
                0x00000000001076e5                eth_phy_write
                0x0000000000107723                eth_phy_reset
                0x00000000001077f8                ethinit
 .text          0x0000000000107c1d      0x10d binaries/ethmcast.o
                0x0000000000107c1d                ethmcast_add
                0x0000000000107c71                ethmcast_remove
 .text          0x0000000000107d2a      0x1d8 binaries/ethread.o
                0x0000000000107d2a                ethread
 .text          0x0000000000107f02       0xdf binaries/ethwrite.o
                0x0000000000107f02                ethwrite
 .text          0x0000000000107fe1       0x73 binaries/rdsbufalloc.o
                0x0000000000107fe1                rdsbufalloc
 .text          0x0000000000108054       0xb7 binaries/rdsclose.o
                0x0000000000108054                rdsclose
 .text          0x000000000010810b      0x22d binaries/rdscomm.o
                0x000000000010810b                rdscomm
 .text          0x0000000000108338      0x1d8 binaries/rdscontrol.o
                0x0000000000108338                rdscontrol
 .text          0x0000000000108510      0x201 binaries/rdsinit.o
                0x0000000000108510                rdsinit
 .text          0x0000000000108711      0x1a4 binaries/rdsopen.o
                0x0000000000108711                rdsopen
 .text          0x00000000001088b5      0x2e5 binaries/rdsprocess.o
                0x00000000001088b5                rdsprocess
 .text          0x0000000000108b9a      0x209 binaries/rdsread.o
                0x0000000000108b9a                rdsread
 .text          0x0000000000108da3      0x1b3 binaries/rdswrite.o
                0x0000000000108da3                rdswrite
 .text          0x0000000000108f56        0x6 binaries/ramclose.o
                0x0000000000108f56                ramclose
 .text          0x0000000000108f5c       0x42 binaries/raminit.o
                0x0000000000108f5c                raminit
 .text          0x0000000000108f9e        0x7 binaries/ramopen.o
                0x0000000000108f9e                ramopen
 .text          0x0000000000108fa5       0x35 binaries/ramread.o
                0x0000000000108fa5                ramread
 .text          0x0000000000108fda       0x35 binaries/ramwrite.o
                0x0000000000108fda                ramwrite
 .text          0x000000000010900f       0xa3 binaries/lfdballoc.o
                0x000000000010900f                lfdballoc
 .text          0x00000000001090b2       0x5c binaries/lfdbfree.o
                0x00000000001090b2                lfdbfree
 .text          0x000000000010910e       0xb5 binaries/lfflush.o
                0x000000000010910e                lfflush
 .text          0x00000000001091c3       0x74 binaries/lfgetmode.o
                0x00000000001091c3                lfgetmode
 .text          0x0000000000109237       0x70 binaries/lfiballoc.o
                0x0000000000109237                lfiballoc
 .text          0x00000000001092a7       0x25 binaries/lfibclear.o
                0x00000000001092a7                lfibclear
 .text          0x00000000001092cc       0x8f binaries/lfibget.o
                0x00000000001092cc                lfibget
 .text          0x000000000010935b       0xa8 binaries/lfibput.o
                0x000000000010935b                lfibput
 .text          0x0000000000109403       0xc1 binaries/lflclose.o
                0x0000000000109403                lflclose
 .text          0x00000000001094c4       0xdb binaries/lflcontrol.o
                0x00000000001094c4                lflcontrol
 .text          0x000000000010959f      0x118 binaries/lflgetc.o
                0x000000000010959f                lflgetc
 .text          0x00000000001096b7       0xf6 binaries/lflinit.o
                0x00000000001096b7                lflinit
 .text          0x00000000001097ad      0x150 binaries/lflputc.o
                0x00000000001097ad                lflputc
 .text          0x00000000001098fd       0x77 binaries/lflread.o
                0x00000000001098fd                lflread
 .text          0x0000000000109974       0xda binaries/lflseek.o
                0x0000000000109974                lflseek
 .text          0x0000000000109a4e       0x65 binaries/lflwrite.o
                0x0000000000109a4e                lflwrite
 .text          0x0000000000109ab3      0x14f binaries/lfsckfmt.o
                0x0000000000109ab3                lfsckfmt
 .text          0x0000000000109c02      0x1d3 binaries/lfscreate.o
                0x0000000000109c02                lfscreate
 .text          0x0000000000109dd5      0x1f7 binaries/lfsetup.o
                0x0000000000109dd5                lfsetup
 .text          0x0000000000109fcc       0x52 binaries/lfsinit.o
                0x0000000000109fcc                lfsinit
 .text          0x000000000010a01e      0x33f binaries/lfsopen.o
                0x000000000010a01e                lfsopen
 .text          0x000000000010a35d      0x151 binaries/lftruncate.o
                0x000000000010a35d                lftruncate
 .text          0x000000000010a4ae       0x83 binaries/rflclose.o
                0x000000000010a4ae                rflclose
 .text          0x000000000010a531       0x38 binaries/rflgetc.o
                0x000000000010a531                rflgetc
 .text          0x000000000010a569       0x80 binaries/rflinit.o
                0x000000000010a569                rflinit
 .text          0x000000000010a5e9       0x3b binaries/rflputc.o
                0x000000000010a5e9                rflputc
 .text          0x000000000010a624      0x33b binaries/rflread.o
                0x000000000010a624                rflread
 .text          0x000000000010a95f       0x87 binaries/rflseek.o
                0x000000000010a95f                rflseek
 .text          0x000000000010a9e6      0x360 binaries/rflwrite.o
                0x000000000010a9e6                rflwrite
 .text          0x000000000010ad46      0x1a6 binaries/rfscomm.o
                0x000000000010ad46                rfscomm
 .text          0x000000000010aeec      0x27f binaries/rfscontrol.o
                0x000000000010aeec                rfscontrol
 .text          0x000000000010b16b       0x74 binaries/rfsgetmode.o
                0x000000000010b16b                rfsgetmode
 .text          0x000000000010b1df       0x98 binaries/rfsinit.o
                0x000000000010b1df                rfsinit
 .text          0x000000000010b277       0xca binaries/rfsndmsg.o
                0x000000000010b277                rfsndmsg
 .text          0x000000000010b341      0x286 binaries/rfsopen.o
                0x000000000010b341                rfsopen
 .text          0x000000000010b5c7      0x6c0 binaries/arp.o
                0x000000000010b5c7                arp_init
                0x000000000010b5ee                arp_alloc
                0x000000000010b69f                arp_ntoh
                0x000000000010b709                arp_hton
                0x000000000010b773                arp_resolve
                0x000000000010ba18                arp_in
 .text          0x000000000010bc87      0x5ea binaries/dhcp.o
                0x000000000010bc87                dhcp_get_opt_val
                0x000000000010bcd8                dhcp_bld_bootp_msg
                0x000000000010bdb6                dhcp_bld_disc
                0x000000000010be06                dhcp_bld_req
                0x000000000010beac                getlocalip
 .text          0x000000000010c271       0xc6 binaries/dot2ip.o
                0x000000000010c271                dot2ip
 .text          0x000000000010c337      0x3cf binaries/hexdump.o
                0x000000000010c337                hexdump
                0x000000000010c4c9                hexadump
 .text          0x000000000010c706      0x778 binaries/icmp.o
                0x000000000010c706                icmp_init
                0x000000000010c72a                icmp_register
                0x000000000010c7de                icmp_recv
                0x000000000010c999                icmp_mkpkt
                0x000000000010ca90                icmp_in
                0x000000000010cc36                icmp_send
                0x000000000010ccb9                icmp_release
                0x000000000010cdfc                icmp_cksum
                0x000000000010ce56                icmp_hton
                0x000000000010ce6a                icmp_ntoh
 .text          0x000000000010ce7e      0x648 binaries/ip.o
                0x000000000010ce7e                ip_local
                0x000000000010cecb                ipcksum
                0x000000000010cf19                ip_ntoh
                0x000000000010cf83                ip_in
                0x000000000010d0cc                ip_hton
                0x000000000010d136                ip_out
                0x000000000010d1f6                ip_send
                0x000000000010d320                ipout
                0x000000000010d423                ip_enqueue
 .text          0x000000000010d4c6      0x1cc binaries/net.o
                0x000000000010d4c6                net_init
                0x000000000010d5d4                eth_hton
                0x000000000010d5de                eth_ntoh
                0x000000000010d5e8                netin
 .text          0x000000000010d692       0xd9 binaries/netstart.o
                0x000000000010d692                netstart
 .text          0x000000000010d76b      0xae9 binaries/pdump.o
                0x000000000010d76b                pdump
                0x000000000010dda8                pdumph
 .text          0x000000000010e254      0x5ff binaries/tftp.o
                0x000000000010e254                tftp_send1
                0x000000000010e376                tftpget_mb
                0x000000000010e82c                tftpget
 .text          0x000000000010e853      0xa9c binaries/udp.o
                0x000000000010e853                udp_init
                0x000000000010e896                udp_in
                0x000000000010e9b2                udp_register
                0x000000000010eacd                udp_recv
                0x000000000010ec72                udp_recvaddr
                0x000000000010ee2b                udp_send
                0x000000000010eff8                udp_sendto
                0x000000000010f184                udp_release
                0x000000000010f2c7                udp_ntoh
                0x000000000010f2db                udp_hton
 .text          0x000000000010f2ef      0x13e binaries/addargs.o
                0x000000000010f2ef                addargs
 .text          0x000000000010f42d      0x234 binaries/lexan.o
                0x000000000010f42d                lexan
 .text          0x000000000010f661      0x645 binaries/shell.o
                0x000000000010f661                shell
 .text          0x000000000010fca6       0x6e binaries/xsh_argecho.o
                0x000000000010fca6                xsh_argecho
 .text          0x000000000010fd14      0x244 binaries/xsh_arp.o
                0x000000000010fd14                xsh_arp
 .text          0x000000000010ff58      0x271 binaries/xsh_cat.o
                0x000000000010ff58                xsh_cat
 .text          0x00000000001101c9       0x70 binaries/xsh_clear.o
                0x00000000001101c9                xsh_clear
 .text          0x0000000000110239      0x2cb binaries/xsh_date.o
                0x0000000000110239                xsh_date
 .text          0x0000000000110504       0xaa binaries/xsh_devdump.o
                0x0000000000110504                xsh_devdump
 .text          0x00000000001105ae       0x77 binaries/xsh_echo.o
                0x00000000001105ae                xsh_echo
 .text          0x0000000000110625        0x6 binaries/xsh_exit.o
                0x0000000000110625                xsh_exit
 .text          0x000000000011062b      0x384 binaries/xsh_help.o
                0x000000000011062b                xsh_help
 .text          0x00000000001109af      0x392 binaries/xsh_ipaddr.o
                0x00000000001109af                xsh_ipaddr
 .text          0x0000000000110d41      0x20e binaries/xsh_kill.o
                0x0000000000110d41                xsh_kill
 .text          0x0000000000110f4f      0x448 binaries/xsh_memdump.o
                0x0000000000110ff9                xsh_memdump
 .text          0x0000000000111397      0x227 binaries/xsh_memstat.o
                0x0000000000111397                xsh_memstat
 .text          0x00000000001115be      0x329 binaries/xsh_ping.o
                0x00000000001115be                xsh_ping
 .text          0x00000000001118e7      0x1dc binaries/xsh_ps.o
                0x00000000001118e7                xsh_ps
 .text          0x0000000000111ac3      0x1e9 binaries/xsh_sleep.o
                0x0000000000111ac3                xsh_sleep
 .text          0x0000000000111cac      0x21d binaries/xsh_udpdump.o
                0x0000000000111cac                xsh_udpdump
 .text          0x0000000000111ec9      0x48b binaries/xsh_udpecho.o
                0x0000000000111ec9                xsh_udpecho
 .text          0x0000000000112354      0x2b8 binaries/xsh_udpeserver.o
                0x0000000000112354                xsh_udpeserver
 .text          0x000000000011260c      0x1f8 binaries/xsh_uptime.o
                0x000000000011260c                xsh_uptime
 .text          0x0000000000112804        0xe binaries/clkdisp.o
                0x0000000000112804                clkdisp
 .text          0x0000000000112812       0x19 binaries/ctxsw.o
                0x0000000000112812                ctxsw
 .text          0x000000000011282b      0x368 binaries/intr.o
                0x000000000011282b                disable
                0x0000000000112834                restore
                0x0000000000112842                enable
                0x0000000000112844                pause
                0x000000000011284b                halt
                0x000000000011284e                spurious_irq7
                0x0000000000112853                spurious_irq15
                0x0000000000112862                _Xint0
                0x000000000011286d                _Xint1
                0x0000000000112878                _Xint2
                0x0000000000112883                _Xint3
                0x000000000011288e                _Xint4
                0x0000000000112899                _Xint5
                0x00000000001128a4                _Xint6
                0x00000000001128af                _Xint7
                0x00000000001128ba                _Xint8
                0x00000000001128c5                _Xint9
                0x00000000001128d0                _Xint10
                0x00000000001128db                _Xint11
                0x00000000001128e9                _Xint12
                0x00000000001128f7                _Xint13
                0x0000000000112905                _Xint14
                0x0000000000112913                _Xint15
                0x0000000000112921                _Xint16
                0x000000000011292f                _Xint17
                0x000000000011293d                _Xint18
                0x000000000011294b                _Xint19
                0x0000000000112959                _Xint20
                0x0000000000112967                _Xint21
                0x0000000000112975                _Xint22
                0x0000000000112983                _Xint23
                0x0000000000112991                _Xint24
                0x000000000011299f                _Xint25
                0x00000000001129ad                _Xint26
                0x00000000001129bb                _Xint27
                0x00000000001129c9                _Xint28
                0x00000000001129d7                _Xint29
                0x00000000001129e5                _Xint30
                0x00000000001129f3                _Xint31
                0x0000000000112a01                _Xint32
                0x0000000000112a0f                _Xint33
                0x0000000000112a1d                _Xint34
                0x0000000000112a2b                _Xint35
                0x0000000000112a39                _Xint36
                0x0000000000112a47                _Xint37
                0x0000000000112a55                _Xint38
                0x0000000000112a63                _Xint39
                0x0000000000112a71                _Xint40
                0x0000000000112a7f                _Xint41
                0x0000000000112a8d                _Xint42
                0x0000000000112a9b                _Xint43
                0x0000000000112aa9                _Xint44
                0x0000000000112ab7                _Xint45
                0x0000000000112ac5                _Xint46
                0x0000000000112ad3                defevec
 .text          0x0000000000112b93        0xf binaries/ttydispatch.o
                0x0000000000112b93                ttydispatch
 .text          0x0000000000112ba2       0x13 binaries/ethdispatch.o
                0x0000000000112ba2                ethdispatch
 *(.rodata .rodata.*)
 .rodata.str1.1
                0x0000000000112bb5       0x54 binaries/ascdate.o
 *fill*         0x0000000000112c09        0x3 
 .rodata.str1.4
                0x0000000000112c0c       0x22 binaries/ascdate.o
 .rodata.str1.1
                0x0000000000112c2e       0x5f binaries/conf.o
 *fill*         0x0000000000112c8d        0x3 
 .rodata.str1.4
                0x0000000000112c90       0x4f binaries/early_imr.o
 *fill*         0x0000000000112cdf        0x1 
 .rodata        0x0000000000112ce0       0x33 binaries/early_imr.o
 .rodata.str1.1
                0x0000000000112d13      0x20c binaries/evec.o
 *fill*         0x0000000000112f1f        0x1 
 .rodata.str1.4
                0x0000000000112f20       0x23 binaries/evec.o
 .rodata.str1.1
                0x0000000000112f43        0xb binaries/getutime.o
 *fill*         0x0000000000112f4e        0x2 
 .rodata.str1.4
                0x0000000000112f50       0x54 binaries/getutime.o
 .rodata.str1.1
                0x0000000000112fa4       0x63 binaries/initialize.o
                                         0x67 (size before relaxing)
 *fill*         0x0000000000113007        0x1 
 .rodata.str1.4
                0x0000000000113008       0xd4 binaries/initialize.o
 .rodata        0x00000000001130dc       0x20 binaries/kill.o
 .rodata.str1.1
                0x00000000001130fc       0x35 binaries/main.o
 *fill*         0x0000000000113131        0x3 
 .rodata.str1.4
                0x0000000000113134       0x23 binaries/meminit.o
 .rodata.str1.1
                0x0000000000113157       0x1b binaries/meminit.o
 .rodata.str1.1
                0x0000000000113172        0xf binaries/panic.o
 .rodata.str1.1
                0x0000000000113181       0x1c binaries/ptinit.o
 *fill*         0x000000000011319d        0x3 
 .rodata.str1.4
                0x00000000001131a0       0x25 binaries/ptsend.o
 .rodata.str1.1
                0x00000000001131c5       0x22 binaries/quark_pdat.o
 *fill*         0x00000000001131e7        0x1 
 .rodata.str1.4
                0x00000000001131e8       0x27 binaries/xdone.o
 *fill*         0x000000000011320f       0x11 
 .rodata        0x0000000000113220       0x81 binaries/ctype_.o
                0x0000000000113220                _ctype_
 .rodata.str1.1
                0x00000000001132a1       0x29 binaries/doprnt.o
 *fill*         0x00000000001132ca        0x2 
 .rodata        0x00000000001132cc       0xc4 binaries/doprnt.o
 .rodata        0x0000000000113390       0x98 binaries/doscan.o
 .rodata.str1.1
                0x0000000000113428       0x29 binaries/fdoprnt.o
 .rodata        0x0000000000113428       0x84 binaries/fdoprnt.o
 .rodata        0x00000000001134ac       0x20 binaries/ttycontrol.o
 .rodata.str1.4
                0x00000000001134cc       0x4c binaries/naminit.o
 .rodata.str1.1
                0x0000000000113518       0x32 binaries/naminit.o
                                         0x35 (size before relaxing)
 .rodata.str1.1
                0x000000000011354a       0x15 binaries/ethinit.o
 *fill*         0x000000000011355f        0x1 
 .rodata.str1.4
                0x0000000000113560       0x2e binaries/ethinit.o
 *fill*         0x000000000011358e        0x2 
 .rodata.str1.4
                0x0000000000113590       0x2c binaries/rdsbufalloc.o
 .rodata.str1.4
                0x00000000001135bc       0x76 binaries/rdscomm.o
 *fill*         0x0000000000113632        0x2 
 .rodata.str1.4
                0x0000000000113634       0x48 binaries/rdscontrol.o
 .rodata.str1.4
                0x000000000011367c       0x7e binaries/rdsinit.o
 .rodata.str1.1
                0x00000000001136fa       0x18 binaries/rdsinit.o
 *fill*         0x0000000000113712        0x2 
 .rodata.str1.4
                0x0000000000113714       0x22 binaries/rdsopen.o
 *fill*         0x0000000000113736        0x2 
 .rodata.str1.4
                0x0000000000113738       0x4d binaries/rdsprocess.o
 .rodata.str1.1
                0x0000000000113785        0x9 binaries/raminit.o
 .rodata.str1.1
                0x000000000011378e       0x13 binaries/lfdballoc.o
 *fill*         0x00000000001137a1        0x3 
 .rodata.str1.4
                0x00000000001137a4       0x23 binaries/lfdballoc.o
 .rodata.str1.1
                0x00000000001137c7       0x14 binaries/lfiballoc.o
 *fill*         0x00000000001137db        0x1 
 .rodata.str1.4
                0x00000000001137dc       0x23 binaries/lflcontrol.o
 .rodata.str1.1
                0x00000000001137ff       0x64 binaries/lfsckfmt.o
 *fill*         0x0000000000113863        0x1 
 .rodata.str1.4
                0x0000000000113864       0x51 binaries/lfsckfmt.o
 *fill*         0x00000000001138b5        0x3 
 .rodata.str1.4
                0x00000000001138b8       0x21 binaries/rflread.o
 .rodata.str1.4
                0x00000000001138d9       0x21 binaries/rflwrite.o
 *fill*         0x00000000001138d9        0x3 
 .rodata.str1.4
                0x00000000001138dc       0x75 binaries/rfscomm.o
 *fill*         0x0000000000113951        0x3 
 .rodata.str1.4
                0x0000000000113954       0x23 binaries/rfscontrol.o
 *fill*         0x0000000000113977        0x1 
 .rodata        0x0000000000113978       0x18 binaries/rfscontrol.o
 .rodata.str1.1
                0x0000000000113990       0x10 binaries/rfsinit.o
 .rodata.str1.4
                0x0000000000113990       0x57 binaries/rfsinit.o
 *fill*         0x00000000001139e7        0x1 
 .rodata.str1.4
                0x00000000001139e8       0x2a binaries/rfsndmsg.o
 .rodata.str1.4
                0x0000000000113a12       0x22 binaries/rfsopen.o
 .rodata.str1.1
                0x0000000000113a12       0x19 binaries/arp.o
 *fill*         0x0000000000113a2b        0x1 
 .rodata.str1.4
                0x0000000000113a2c       0x21 binaries/arp.o
 *fill*         0x0000000000113a4d        0x3 
 .rodata.str1.4
                0x0000000000113a50       0xa6 binaries/dhcp.o
 .rodata.str1.1
                0x0000000000113af6       0x4a binaries/dhcp.o
 .rodata.str1.1
                0x0000000000113b40       0x5a binaries/hexdump.o
                                         0x61 (size before relaxing)
 *fill*         0x0000000000113b9a        0x2 
 .rodata.str1.4
                0x0000000000113b9c       0x67 binaries/hexdump.o
 *fill*         0x0000000000113c03        0x1 
 .rodata.str1.4
                0x0000000000113c04       0x29 binaries/icmp.o
 .rodata.str1.1
                0x0000000000113c2d       0x4e binaries/ip.o
 *fill*         0x0000000000113c7b        0x1 
 .rodata.str1.4
                0x0000000000113c7c       0x20 binaries/ip.o
 .rodata.str1.4
                0x0000000000113c9c       0x28 binaries/net.o
 .rodata.str1.1
                0x0000000000113cc4       0x27 binaries/net.o
 *fill*         0x0000000000113ceb        0x1 
 .rodata.str1.4
                0x0000000000113cec       0xcf binaries/netstart.o
 .rodata.str1.1
                0x0000000000113dbb      0x141 binaries/pdump.o
                                        0x14b (size before relaxing)
 .rodata.str1.4
                0x0000000000113efc      0x126 binaries/pdump.o
 *fill*         0x0000000000114022        0x2 
 .rodata.str1.4
                0x0000000000114024      0x148 binaries/tftp.o
 .rodata.str1.1
                0x000000000011416c        0x6 binaries/tftp.o
                                          0xa (size before relaxing)
 .rodata.str1.1
                0x0000000000114172       0xe3 binaries/shell.o
                                         0xff (size before relaxing)
 *fill*         0x0000000000114255        0x3 
 .rodata.str1.4
                0x0000000000114258      0x1c4 binaries/shell.o
 .rodata.str1.1
                0x000000000011441c       0x26 binaries/xsh_argecho.o
                                         0x28 (size before relaxing)
 .rodata.str1.1
                0x0000000000114442       0x70 binaries/xsh_arp.o
                                         0x72 (size before relaxing)
 *fill*         0x00000000001144b2        0x2 
 .rodata.str1.4
                0x00000000001144b4       0xb4 binaries/xsh_arp.o
 .rodata.str1.1
                0x0000000000114568       0x2d binaries/xsh_cat.o
                                         0x4f (size before relaxing)
 *fill*         0x0000000000114595        0x3 
 .rodata.str1.4
                0x0000000000114598       0x52 binaries/xsh_cat.o
                                         0x79 (size before relaxing)
 .rodata.str1.1
                0x00000000001145ea       0x15 binaries/xsh_clear.o
 .rodata.str1.1
                0x00000000001145ff       0x46 binaries/xsh_date.o
                                         0x5f (size before relaxing)
 *fill*         0x0000000000114645        0x3 
 .rodata.str1.4
                0x0000000000114648      0x163 binaries/xsh_date.o
 .rodata.str1.1
                0x00000000001147ab       0x5d binaries/xsh_devdump.o
 .rodata.str1.1
                0x0000000000114808        0x4 binaries/xsh_echo.o
                                          0x9 (size before relaxing)
 .rodata.str1.1
                0x000000000011480c       0x65 binaries/xsh_help.o
                                         0xa3 (size before relaxing)
 *fill*         0x0000000000114871        0x3 
 .rodata.str1.4
                0x0000000000114874       0x7c binaries/xsh_help.o
                                         0xc6 (size before relaxing)
 .rodata.str1.1
                0x00000000001148f0       0x9c binaries/xsh_ipaddr.o
                                         0xf8 (size before relaxing)
 .rodata.str1.4
                0x000000000011498c       0x4d binaries/xsh_ipaddr.o
                                         0x99 (size before relaxing)
 .rodata.str1.1
                0x00000000001149d9       0x78 binaries/xsh_kill.o
                                         0x97 (size before relaxing)
 *fill*         0x0000000000114a51        0x3 
 .rodata.str1.4
                0x0000000000114a54       0x4a binaries/xsh_kill.o
                                         0x96 (size before relaxing)
 .rodata.str1.1
                0x0000000000114a9e       0x81 binaries/xsh_memdump.o
                                         0xa8 (size before relaxing)
 *fill*         0x0000000000114b1f        0x1 
 .rodata.str1.4
                0x0000000000114b20      0x15a binaries/xsh_memdump.o
                                        0x1aa (size before relaxing)
 .rodata.str1.1
                0x0000000000114c7a       0x40 binaries/xsh_memstat.o
                                         0x79 (size before relaxing)
 *fill*         0x0000000000114cba        0x2 
 .rodata.str1.4
                0x0000000000114cbc      0x187 binaries/xsh_memstat.o
                                        0x1af (size before relaxing)
 .rodata.str1.1
                0x0000000000114e43       0x90 binaries/xsh_ping.o
                                         0xaf (size before relaxing)
 *fill*         0x0000000000114ed3        0x1 
 .rodata.str1.4
                0x0000000000114ed4       0x77 binaries/xsh_ping.o
                                         0xc6 (size before relaxing)
 .rodata.str1.1
                0x0000000000114f4b       0x74 binaries/xsh_ps.o
                                         0xd5 (size before relaxing)
 *fill*         0x0000000000114fbf        0x1 
 .rodata.str1.4
                0x0000000000114fc0       0x80 binaries/xsh_ps.o
                                         0xd0 (size before relaxing)
 .rodata.str1.1
                0x0000000000115040       0x31 binaries/xsh_sleep.o
                                         0x72 (size before relaxing)
 *fill*         0x0000000000115071        0x3 
 .rodata.str1.4
                0x0000000000115074       0x2a binaries/xsh_sleep.o
                                         0x7a (size before relaxing)
 .rodata.str1.1
                0x000000000011509e       0x6b binaries/xsh_udpdump.o
                                         0xd2 (size before relaxing)
 *fill*         0x0000000000115109        0x3 
 .rodata.str1.4
                0x000000000011510c       0x94 binaries/xsh_udpdump.o
                                         0xe4 (size before relaxing)
 .rodata.str1.1
                0x00000000001151a0       0xdb binaries/xsh_udpecho.o
                                         0xfa (size before relaxing)
 *fill*         0x000000000011527b        0x1 
 .rodata.str1.4
                0x000000000011527c       0xc7 binaries/xsh_udpecho.o
                                        0x116 (size before relaxing)
 .rodata.str1.1
                0x0000000000115343       0x66 binaries/xsh_udpeserver.o
                                         0x8f (size before relaxing)
 *fill*         0x00000000001153a9        0x3 
 .rodata.str1.4
                0x00000000001153ac       0x29 binaries/xsh_udpeserver.o
                                         0x9f (size before relaxing)
 .rodata.str1.1
                0x00000000001153d5       0x49 binaries/xsh_uptime.o
                                         0x8c (size before relaxing)
 *fill*         0x000000000011541e        0x2 
 .rodata.str1.4
                0x0000000000115420       0x28 binaries/xsh_uptime.o
                                         0x76 (size before relaxing)
                0x0000000000115448                etext = ABSOLUTE (.)
                0x0000000000116000                . = ALIGN (0x1000)
 *fill*         0x0000000000115448      0xbb8 

.eh_frame       0x0000000000116000     0x6f60
 .eh_frame      0x0000000000116000       0x98 binaries/ascdate.o
 .eh_frame      0x0000000000116098       0x28 binaries/bufinit.o
                                         0x40 (size before relaxing)
 .eh_frame      0x00000000001160c0       0x54 binaries/chprio.o
                                         0x80 (size before relaxing)
 .eh_frame      0x0000000000116114       0x24 binaries/clkhandler.o
                                         0x50 (size before relaxing)
 .eh_frame      0x0000000000116138       0x44 binaries/clkinit.o
                                         0x70 (size before relaxing)
 .eh_frame      0x000000000011617c       0x44 binaries/close.o
                                         0x70 (size before relaxing)
 .eh_frame      0x00000000001161c0       0x48 binaries/control.o
                                         0x74 (size before relaxing)
 .eh_frame      0x0000000000116208       0x5c binaries/create.o
                                         0x88 (size before relaxing)
 .eh_frame      0x0000000000116264      0x164 binaries/early_imr.o
                                        0x190 (size before relaxing)
 .eh_frame      0x00000000001163c8      0x1f8 binaries/evec.o
                                        0x224 (size before relaxing)
 .eh_frame      0x00000000001165c0       0x58 binaries/freebuf.o
                                         0x84 (size before relaxing)
 .eh_frame      0x0000000000116618       0x5c binaries/freemem.o
                                         0x88 (size before relaxing)
 .eh_frame      0x0000000000116674       0x50 binaries/getbuf.o
                                         0x7c (size before relaxing)
 .eh_frame      0x00000000001166c4       0x44 binaries/getc.o
                                         0x70 (size before relaxing)
 .eh_frame      0x0000000000116708       0x60 binaries/getdev.o
                                         0x8c (size before relaxing)
 .eh_frame      0x0000000000116768       0x68 binaries/getitem.o
                                         0x94 (size before relaxing)
 .eh_frame      0x00000000001167d0       0x54 binaries/getmem.o
                                         0x80 (size before relaxing)
 .eh_frame      0x0000000000116824       0x14 binaries/getpid.o
                                         0x40 (size before relaxing)
 .eh_frame      0x0000000000116838       0x40 binaries/getprio.o
                                         0x6c (size before relaxing)
 .eh_frame      0x0000000000116878       0x5c binaries/getstk.o
                                         0x88 (size before relaxing)
 .eh_frame      0x00000000001168d4       0x2c binaries/gettime.o
                                         0x58 (size before relaxing)
 .eh_frame      0x0000000000116900       0x98 binaries/getutime.o
                                         0xc4 (size before relaxing)
 .eh_frame      0x0000000000116998       0x44 binaries/init.o
                                         0x70 (size before relaxing)
 .eh_frame      0x00000000001169dc       0xe0 binaries/initialize.o
                                        0x10c (size before relaxing)
 .eh_frame      0x0000000000116abc       0x44 binaries/insert.o
                                         0x5c (size before relaxing)
 .eh_frame      0x0000000000116b00       0x40 binaries/insertd.o
                                         0x6c (size before relaxing)
 .eh_frame      0x0000000000116b40       0x14 binaries/ioerr.o
                                         0x2c (size before relaxing)
 .eh_frame      0x0000000000116b54       0x14 binaries/ionull.o
                                         0x2c (size before relaxing)
 .eh_frame      0x0000000000116b68       0x78 binaries/kill.o
                                         0xa4 (size before relaxing)
 .eh_frame      0x0000000000116be0       0x90 binaries/kprintf.o
                                         0xd0 (size before relaxing)
 .eh_frame      0x0000000000116c70       0x68 binaries/main.o
                                         0x94 (size before relaxing)
 .eh_frame      0x0000000000116cd8       0x64 binaries/mark.o
                                         0x90 (size before relaxing)
 .eh_frame      0x0000000000116d3c       0x80 binaries/meminit.o
                                         0xac (size before relaxing)
 .eh_frame      0x0000000000116dbc       0x78 binaries/mkbufpool.o
                                         0xa4 (size before relaxing)
 .eh_frame      0x0000000000116e34       0x30 binaries/newqueue.o
                                         0x48 (size before relaxing)
 .eh_frame      0x0000000000116e64       0x48 binaries/open.o
                                         0x74 (size before relaxing)
 .eh_frame      0x0000000000116eac       0x28 binaries/panic.o
                                         0x54 (size before relaxing)
 .eh_frame      0x0000000000116ed4       0xf4 binaries/pci.o
                                        0x10c (size before relaxing)
 .eh_frame      0x0000000000116fc8       0x40 binaries/platinit.o
                                         0x6c (size before relaxing)
 .eh_frame      0x0000000000117008       0x6c binaries/ptclear.o
                                         0x98 (size before relaxing)
 .eh_frame      0x0000000000117074       0x64 binaries/ptcount.o
                                         0x90 (size before relaxing)
 .eh_frame      0x00000000001170d8       0x60 binaries/ptcreate.o
                                         0x8c (size before relaxing)
 .eh_frame      0x0000000000117138       0x48 binaries/ptdelete.o
                                         0x74 (size before relaxing)
 .eh_frame      0x0000000000117180       0x44 binaries/ptinit.o
                                         0x70 (size before relaxing)
 .eh_frame      0x00000000001171c4       0x64 binaries/ptrecv.o
                                         0x90 (size before relaxing)
 .eh_frame      0x0000000000117228       0x48 binaries/ptreset.o
                                         0x74 (size before relaxing)
 .eh_frame      0x0000000000117270       0x70 binaries/ptsend.o
                                         0x9c (size before relaxing)
 .eh_frame      0x00000000001172e0       0x54 binaries/putc.o
                                         0x80 (size before relaxing)
 .eh_frame      0x0000000000117334       0x6c binaries/quark_irq.o
                                         0x98 (size before relaxing)
 .eh_frame      0x00000000001173a0       0xe8 binaries/quark_pdat.o
                                        0x114 (size before relaxing)
 .eh_frame      0x0000000000117488       0x4c binaries/queue.o
                                         0x78 (size before relaxing)
 .eh_frame      0x00000000001174d4       0x48 binaries/read.o
                                         0x74 (size before relaxing)
 .eh_frame      0x000000000011751c       0x34 binaries/ready.o
                                         0x60 (size before relaxing)
 .eh_frame      0x0000000000117550       0x50 binaries/receive.o
                                         0x7c (size before relaxing)
 .eh_frame      0x00000000001175a0       0x38 binaries/recvclr.o
                                         0x64 (size before relaxing)
 .eh_frame      0x00000000001175d8       0x60 binaries/recvtime.o
                                         0x8c (size before relaxing)
 .eh_frame      0x0000000000117638       0x78 binaries/resched.o
                                         0xb8 (size before relaxing)
 .eh_frame      0x00000000001176b0       0x5c binaries/resume.o
                                         0x88 (size before relaxing)
 .eh_frame      0x000000000011770c       0x44 binaries/seek.o
                                         0x70 (size before relaxing)
 .eh_frame      0x0000000000117750       0x40 binaries/semcount.o
                                         0x6c (size before relaxing)
 .eh_frame      0x0000000000117790       0x54 binaries/semcreate.o
                                         0x80 (size before relaxing)
 .eh_frame      0x00000000001177e4       0x6c binaries/semdelete.o
                                         0x98 (size before relaxing)
 .eh_frame      0x0000000000117850       0x6c binaries/semreset.o
                                         0x98 (size before relaxing)
 .eh_frame      0x00000000001178bc       0x60 binaries/send.o
                                         0x8c (size before relaxing)
 .eh_frame      0x000000000011791c       0x54 binaries/signal.o
                                         0x80 (size before relaxing)
 .eh_frame      0x0000000000117970       0x70 binaries/signaln.o
                                         0x9c (size before relaxing)
 .eh_frame      0x00000000001179e0       0x80 binaries/sleep.o
                                         0xac (size before relaxing)
 .eh_frame      0x0000000000117a60       0x54 binaries/suspend.o
                                         0x80 (size before relaxing)
 .eh_frame      0x0000000000117ab4       0x4c binaries/unsleep.o
                                         0x78 (size before relaxing)
 .eh_frame      0x0000000000117b00       0x28 binaries/userret.o
                                         0x54 (size before relaxing)
 .eh_frame      0x0000000000117b28       0x58 binaries/wait.o
                                         0x84 (size before relaxing)
 .eh_frame      0x0000000000117b80       0x48 binaries/wakeup.o
                                         0x74 (size before relaxing)
 .eh_frame      0x0000000000117bc8       0x48 binaries/write.o
                                         0x74 (size before relaxing)
 .eh_frame      0x0000000000117c10       0x24 binaries/xdone.o
                                         0x50 (size before relaxing)
 .eh_frame      0x0000000000117c34       0x30 binaries/yield.o
                                         0x5c (size before relaxing)
 .eh_frame      0x0000000000117c64       0x14 binaries/abs.o
                                         0x2c (size before relaxing)
 .eh_frame      0x0000000000117c78       0x28 binaries/atoi.o
                                         0x40 (size before relaxing)
 .eh_frame      0x0000000000117ca0       0x28 binaries/atol.o
                                         0x40 (size before relaxing)
 .eh_frame      0x0000000000117cc8       0x14 binaries/bzero.o
                                         0x2c (size before relaxing)
 .eh_frame      0x0000000000117cdc      0x174 binaries/doprnt.o
                                        0x1a0 (size before relaxing)
 .eh_frame      0x0000000000117e50      0x108 binaries/doscan.o
                                        0x134 (size before relaxing)
 .eh_frame      0x0000000000117f58      0x114 binaries/fdoprnt.o
                                        0x140 (size before relaxing)
 .eh_frame      0x000000000011806c       0x2c binaries/fgetc.o
                                         0x58 (size before relaxing)
 .eh_frame      0x0000000000118098       0x48 binaries/fgets.o
                                         0x74 (size before relaxing)
 .eh_frame      0x00000000001180e0       0x2c binaries/fprintf.o
                                         0x58 (size before relaxing)
 .eh_frame      0x000000000011810c       0x2c binaries/fputc.o
                                         0x58 (size before relaxing)
 .eh_frame      0x0000000000118138       0x3c binaries/fputs.o
                                         0x68 (size before relaxing)
 .eh_frame      0x0000000000118174       0x7c binaries/fscanf.o
                                         0xa8 (size before relaxing)
 .eh_frame      0x00000000001181f0       0x24 binaries/getchar.o
                                         0x50 (size before relaxing)
 .eh_frame      0x0000000000118214       0x14 binaries/labs.o
                                         0x2c (size before relaxing)
 .eh_frame      0x0000000000118228       0x14 binaries/memchr.o
                                         0x2c (size before relaxing)
 .eh_frame      0x000000000011823c       0x28 binaries/memcmp.o
                                         0x40 (size before relaxing)
 .eh_frame      0x0000000000118264       0x24 binaries/memcpy.o
                                         0x3c (size before relaxing)
 .eh_frame      0x0000000000118288       0x1c binaries/memset.o
                                         0x34 (size before relaxing)
 .eh_frame      0x00000000001182a4       0x2c binaries/printf.o
                                         0x58 (size before relaxing)
 .eh_frame      0x00000000001182d0       0x28 binaries/putchar.o
                                         0x54 (size before relaxing)
 .eh_frame      0x00000000001182f8       0xdc binaries/qsort.o
                                        0x11c (size before relaxing)
 .eh_frame      0x00000000001183d4       0x28 binaries/rand.o
                                         0x68 (size before relaxing)
 .eh_frame      0x00000000001183fc       0x54 binaries/sprintf.o
                                         0x80 (size before relaxing)
 .eh_frame      0x0000000000118450       0x5c binaries/sscanf.o
                                         0x88 (size before relaxing)
 .eh_frame      0x00000000001184ac       0x20 binaries/strchr.o
                                         0x38 (size before relaxing)
 .eh_frame      0x00000000001184cc       0x20 binaries/strcmp.o
                                         0x38 (size before relaxing)
 .eh_frame      0x00000000001184ec       0x14 binaries/strcpy.o
                                         0x2c (size before relaxing)
 .eh_frame      0x0000000000118500       0x14 binaries/strlen.o
                                         0x2c (size before relaxing)
 .eh_frame      0x0000000000118514       0x2c binaries/strncat.o
                                         0x44 (size before relaxing)
 .eh_frame      0x0000000000118540       0x1c binaries/strncmp.o
                                         0x34 (size before relaxing)
 .eh_frame      0x000000000011855c       0x30 binaries/strncpy.o
                                         0x48 (size before relaxing)
 .eh_frame      0x000000000011858c       0x14 binaries/strnlen.o
                                         0x2c (size before relaxing)
 .eh_frame      0x00000000001185a0       0x20 binaries/strrchr.o
                                         0x38 (size before relaxing)
 .eh_frame      0x00000000001185c0       0x3c binaries/strstr.o
                                         0x54 (size before relaxing)
 .eh_frame      0x00000000001185fc       0x58 binaries/ttycontrol.o
                                         0x84 (size before relaxing)
 .eh_frame      0x0000000000118654       0x44 binaries/ttygetc.o
                                         0x70 (size before relaxing)
 .eh_frame      0x0000000000118698       0xe0 binaries/ttyhandle_in.o
                                        0x10c (size before relaxing)
 .eh_frame      0x0000000000118778       0x68 binaries/ttyhandle_out.o
                                         0x94 (size before relaxing)
 .eh_frame      0x00000000001187e0       0x5c binaries/ttyhandler.o
                                         0x88 (size before relaxing)
 .eh_frame      0x000000000011883c       0x4c binaries/ttyinit.o
                                         0x78 (size before relaxing)
 .eh_frame      0x0000000000118888       0x14 binaries/ttykickout.o
                                         0x2c (size before relaxing)
 .eh_frame      0x000000000011889c       0x64 binaries/ttyputc.o
                                         0x90 (size before relaxing)
 .eh_frame      0x0000000000118900       0x64 binaries/ttyread.o
                                         0x90 (size before relaxing)
 .eh_frame      0x0000000000118964       0x4c binaries/ttywrite.o
                                         0x78 (size before relaxing)
 .eh_frame      0x00000000001189b0       0x7c binaries/mount.o
                                         0xa8 (size before relaxing)
 .eh_frame      0x0000000000118a2c       0xe4 binaries/naminit.o
                                        0x110 (size before relaxing)
 .eh_frame      0x0000000000118b10       0xf0 binaries/nammap.o
                                        0x130 (size before relaxing)
 .eh_frame      0x0000000000118c00       0x48 binaries/namopen.o
                                         0x74 (size before relaxing)
 .eh_frame      0x0000000000118c48       0x3c binaries/colon2mac.o
                                         0x68 (size before relaxing)
 .eh_frame      0x0000000000118c84       0x4c binaries/ethcontrol.o
                                         0x78 (size before relaxing)
 .eh_frame      0x0000000000118cd0       0x58 binaries/ethhandler.o
                                         0x84 (size before relaxing)
 .eh_frame      0x0000000000118d28      0x154 binaries/ethinit.o
                                        0x180 (size before relaxing)
 .eh_frame      0x0000000000118e7c       0xa8 binaries/ethmcast.o
                                         0xd4 (size before relaxing)
 .eh_frame      0x0000000000118f24       0x80 binaries/ethread.o
                                         0xac (size before relaxing)
 .eh_frame      0x0000000000118fa4       0x48 binaries/ethwrite.o
                                         0x74 (size before relaxing)
 .eh_frame      0x0000000000118fec       0x3c binaries/rdsbufalloc.o
                                         0x68 (size before relaxing)
 .eh_frame      0x0000000000119028       0x3c binaries/rdsclose.o
                                         0x68 (size before relaxing)
 .eh_frame      0x0000000000119064       0x90 binaries/rdscomm.o
                                         0xbc (size before relaxing)
 .eh_frame      0x00000000001190f4       0xb4 binaries/rdscontrol.o
                                         0xe0 (size before relaxing)
 .eh_frame      0x00000000001191a8       0x9c binaries/rdsinit.o
                                         0xc8 (size before relaxing)
 .eh_frame      0x0000000000119244       0x80 binaries/rdsopen.o
                                         0xac (size before relaxing)
 .eh_frame      0x00000000001192c4       0xf8 binaries/rdsprocess.o
                                        0x124 (size before relaxing)
 .eh_frame      0x00000000001193bc       0x7c binaries/rdsread.o
                                         0xa8 (size before relaxing)
 .eh_frame      0x0000000000119438       0x80 binaries/rdswrite.o
                                         0xac (size before relaxing)
 .eh_frame      0x00000000001194b8       0x14 binaries/ramclose.o
                                         0x2c (size before relaxing)
 .eh_frame      0x00000000001194cc       0x40 binaries/raminit.o
                                         0x6c (size before relaxing)
 .eh_frame      0x000000000011950c       0x14 binaries/ramopen.o
                                         0x2c (size before relaxing)
 .eh_frame      0x0000000000119520       0x2c binaries/ramread.o
                                         0x58 (size before relaxing)
 .eh_frame      0x000000000011954c       0x2c binaries/ramwrite.o
                                         0x58 (size before relaxing)
 .eh_frame      0x0000000000119578       0x80 binaries/lfdballoc.o
                                         0xac (size before relaxing)
 .eh_frame      0x00000000001195f8       0x50 binaries/lfdbfree.o
                                         0x7c (size before relaxing)
 .eh_frame      0x0000000000119648       0x5c binaries/lfflush.o
                                         0x88 (size before relaxing)
 .eh_frame      0x00000000001196a4       0x14 binaries/lfgetmode.o
                                         0x2c (size before relaxing)
 .eh_frame      0x00000000001196b8       0x5c binaries/lfiballoc.o
                                         0x88 (size before relaxing)
 .eh_frame      0x0000000000119714       0x14 binaries/lfibclear.o
                                         0x2c (size before relaxing)
 .eh_frame      0x0000000000119728       0x4c binaries/lfibget.o
                                         0x78 (size before relaxing)
 .eh_frame      0x0000000000119774       0x68 binaries/lfibput.o
                                         0x94 (size before relaxing)
 .eh_frame      0x00000000001197dc       0x54 binaries/lflclose.o
                                         0x80 (size before relaxing)
 .eh_frame      0x0000000000119830       0x74 binaries/lflcontrol.o
                                         0xa0 (size before relaxing)
 .eh_frame      0x00000000001198a4       0x6c binaries/lflgetc.o
                                         0x98 (size before relaxing)
 .eh_frame      0x0000000000119910       0x5c binaries/lflinit.o
                                         0x88 (size before relaxing)
 .eh_frame      0x000000000011996c       0x6c binaries/lflputc.o
                                         0x98 (size before relaxing)
 .eh_frame      0x00000000001199d8       0x48 binaries/lflread.o
                                         0x74 (size before relaxing)
 .eh_frame      0x0000000000119a20       0x60 binaries/lflseek.o
                                         0x8c (size before relaxing)
 .eh_frame      0x0000000000119a80       0x48 binaries/lflwrite.o
                                         0x74 (size before relaxing)
 .eh_frame      0x0000000000119ac8       0xd4 binaries/lfsckfmt.o
                                        0x100 (size before relaxing)
 .eh_frame      0x0000000000119b9c       0xd4 binaries/lfscreate.o
                                        0x100 (size before relaxing)
 .eh_frame      0x0000000000119c70       0xbc binaries/lfsetup.o
                                         0xe8 (size before relaxing)
 .eh_frame      0x0000000000119d2c       0x38 binaries/lfsinit.o
                                         0x64 (size before relaxing)
 .eh_frame      0x0000000000119d64       0x90 binaries/lfsopen.o
                                         0xbc (size before relaxing)
 .eh_frame      0x0000000000119df4       0x84 binaries/lftruncate.o
                                         0xb0 (size before relaxing)
 .eh_frame      0x0000000000119e78       0x3c binaries/rflclose.o
                                         0x68 (size before relaxing)
 .eh_frame      0x0000000000119eb4       0x30 binaries/rflgetc.o
                                         0x5c (size before relaxing)
 .eh_frame      0x0000000000119ee4       0x30 binaries/rflinit.o
                                         0x5c (size before relaxing)
 .eh_frame      0x0000000000119f14       0x30 binaries/rflputc.o
                                         0x5c (size before relaxing)
 .eh_frame      0x0000000000119f44       0xdc binaries/rflread.o
                                        0x108 (size before relaxing)
 .eh_frame      0x000000000011a020       0x3c binaries/rflseek.o
                                         0x68 (size before relaxing)
 .eh_frame      0x000000000011a05c       0xd0 binaries/rflwrite.o
                                         0xfc (size before relaxing)
 .eh_frame      0x000000000011a12c       0x88 binaries/rfscomm.o
                                         0xb4 (size before relaxing)
 .eh_frame      0x000000000011a1b4      0x11c binaries/rfscontrol.o
                                        0x148 (size before relaxing)
 .eh_frame      0x000000000011a2d0       0x14 binaries/rfsgetmode.o
                                         0x2c (size before relaxing)
 .eh_frame      0x000000000011a2e4       0x50 binaries/rfsinit.o
                                         0x7c (size before relaxing)
 .eh_frame      0x000000000011a334       0x50 binaries/rfsndmsg.o
                                         0x7c (size before relaxing)
 .eh_frame      0x000000000011a384       0xdc binaries/rfsopen.o
                                        0x108 (size before relaxing)
 .eh_frame      0x000000000011a460      0x27c binaries/arp.o
                                        0x2bc (size before relaxing)
 .eh_frame      0x000000000011a6dc      0x284 binaries/dhcp.o
                                        0x2b0 (size before relaxing)
 .eh_frame      0x000000000011a960       0x40 binaries/dot2ip.o
                                         0x58 (size before relaxing)
 .eh_frame      0x000000000011a9a0      0x1bc binaries/hexdump.o
                                        0x1e8 (size before relaxing)
 .eh_frame      0x000000000011ab5c      0x310 binaries/icmp.o
                                        0x350 (size before relaxing)
 .eh_frame      0x000000000011ae6c      0x2e8 binaries/ip.o
                                        0x314 (size before relaxing)
 .eh_frame      0x000000000011b154      0x138 binaries/net.o
                                        0x164 (size before relaxing)
 .eh_frame      0x000000000011b28c       0x74 binaries/netstart.o
                                         0xa0 (size before relaxing)
 .eh_frame      0x000000000011b300      0x394 binaries/pdump.o
                                        0x3c0 (size before relaxing)
 .eh_frame      0x000000000011b694      0x260 binaries/tftp.o
                                        0x28c (size before relaxing)
 .eh_frame      0x000000000011b8f4      0x36c binaries/udp.o
                                        0x3ac (size before relaxing)
 .eh_frame      0x000000000011bc60       0x68 binaries/addargs.o
                                         0x94 (size before relaxing)
 .eh_frame      0x000000000011bcc8       0x40 binaries/lexan.o
                                         0x58 (size before relaxing)
 .eh_frame      0x000000000011bd08      0x24c binaries/shell.o
                                        0x278 (size before relaxing)
 .eh_frame      0x000000000011bf54       0x5c binaries/xsh_argecho.o
                                         0x88 (size before relaxing)
 .eh_frame      0x000000000011bfb0       0xe0 binaries/xsh_arp.o
                                        0x10c (size before relaxing)
 .eh_frame      0x000000000011c090       0xb0 binaries/xsh_cat.o
                                         0xdc (size before relaxing)
 .eh_frame      0x000000000011c140       0x3c binaries/xsh_clear.o
                                         0x68 (size before relaxing)
 .eh_frame      0x000000000011c17c      0x108 binaries/xsh_date.o
                                        0x134 (size before relaxing)
 .eh_frame      0x000000000011c284       0x64 binaries/xsh_devdump.o
                                         0x90 (size before relaxing)
 .eh_frame      0x000000000011c2e8       0x5c binaries/xsh_echo.o
                                         0x88 (size before relaxing)
 .eh_frame      0x000000000011c344       0x14 binaries/xsh_exit.o
                                         0x2c (size before relaxing)
 .eh_frame      0x000000000011c358       0xd4 binaries/xsh_help.o
                                        0x100 (size before relaxing)
 .eh_frame      0x000000000011c42c      0x194 binaries/xsh_ipaddr.o
                                        0x1c0 (size before relaxing)
 .eh_frame      0x000000000011c5c0       0xac binaries/xsh_kill.o
                                         0xd8 (size before relaxing)
 .eh_frame      0x000000000011c66c      0x130 binaries/xsh_memdump.o
                                        0x15c (size before relaxing)
 .eh_frame      0x000000000011c79c       0xbc binaries/xsh_memstat.o
                                         0xe8 (size before relaxing)
 .eh_frame      0x000000000011c858      0x10c binaries/xsh_ping.o
                                        0x138 (size before relaxing)
 .eh_frame      0x000000000011c964       0xd8 binaries/xsh_ps.o
                                        0x104 (size before relaxing)
 .eh_frame      0x000000000011ca3c       0xac binaries/xsh_sleep.o
                                         0xd8 (size before relaxing)
 .eh_frame      0x000000000011cae8       0xe8 binaries/xsh_udpdump.o
                                        0x114 (size before relaxing)
 .eh_frame      0x000000000011cbd0      0x1b0 binaries/xsh_udpecho.o
                                        0x1dc (size before relaxing)
 .eh_frame      0x000000000011cd80      0x128 binaries/xsh_udpeserver.o
                                        0x154 (size before relaxing)
 .eh_frame      0x000000000011cea8       0xb8 binaries/xsh_uptime.o
                                         0xe4 (size before relaxing)

.iplt           0x000000000011cf60        0x0
 .iplt          0x000000000011cf60        0x0 binaries/start.o

.rel.dyn        0x000000000011cf60        0x0
 .rel.got       0x000000000011cf60        0x0 binaries/start.o
 .rel.iplt      0x000000000011cf60        0x0 binaries/start.o
 .rel.text      0x000000000011cf60        0x0 binaries/start.o

.data           0x000000000011cf60     0x10a0
                0x000000000011cf60                data = ABSOLUTE (.)
 *(.data .data.*)
 .data          0x000000000011cf60      0x85a binaries/start.o
                0x000000000011cf60                gdt
                0x000000000011cfb0                idt
                0x000000000011d7b6                cpudelay
 .data          0x000000000011d7ba        0x0 binaries/ascdate.o
 *fill*         0x000000000011d7ba        0x6 
 .data.rel.local
                0x000000000011d7c0       0x88 binaries/ascdate.o
                0x000000000011d7c0                Date
 .data          0x000000000011d848        0x0 binaries/bufinit.o
 .data          0x000000000011d848        0x0 binaries/chprio.o
 .data          0x000000000011d848        0x4 binaries/clkhandler.o
 .data          0x000000000011d84c        0x0 binaries/clkinit.o
 .data          0x000000000011d84c        0x0 binaries/close.o
 .data          0x000000000011d84c        0x0 binaries/conf.o
 *fill*         0x000000000011d84c       0x14 
 .data.rel      0x000000000011d860      0x30c binaries/conf.o
                0x000000000011d860                devtab
 .data          0x000000000011db6c        0x0 binaries/control.o
 .data          0x000000000011db6c        0x4 binaries/create.o
 .data          0x000000000011db70        0x0 binaries/early_imr.o
 .data          0x000000000011db70        0x0 binaries/evec.o
 *fill*         0x000000000011db70       0x10 
 .data.rel.local
                0x000000000011db80       0x40 binaries/evec.o
                0x000000000011db80                inames
 .data          0x000000000011dbc0        0x0 binaries/freebuf.o
 .data          0x000000000011dbc0        0x0 binaries/freemem.o
 .data          0x000000000011dbc0        0x0 binaries/getbuf.o
 .data          0x000000000011dbc0        0x0 binaries/getc.o
 .data          0x000000000011dbc0        0x0 binaries/getdev.o
 .data          0x000000000011dbc0        0x0 binaries/getitem.o
 .data          0x000000000011dbc0        0x0 binaries/getmem.o
 .data          0x000000000011dbc0        0x0 binaries/getpid.o
 .data          0x000000000011dbc0        0x0 binaries/getprio.o
 .data          0x000000000011dbc0        0x0 binaries/getstk.o
 .data          0x000000000011dbc0        0x0 binaries/gettime.o
 .data          0x000000000011dbc0        0x0 binaries/getutime.o
 .data          0x000000000011dbc0        0x0 binaries/init.o
 .data          0x000000000011dbc0        0x0 binaries/initialize.o
 .data          0x000000000011dbc0        0x0 binaries/insert.o
 .data          0x000000000011dbc0        0x0 binaries/insertd.o
 .data          0x000000000011dbc0        0x0 binaries/ioerr.o
 .data          0x000000000011dbc0        0x0 binaries/ionull.o
 .data          0x000000000011dbc0        0x0 binaries/kill.o
 .data          0x000000000011dbc0        0x0 binaries/kprintf.o
 .data          0x000000000011dbc0        0x0 binaries/main.o
 .data          0x000000000011dbc0        0x0 binaries/mark.o
 .data          0x000000000011dbc0       0x48 binaries/meminit.o
                0x000000000011dbc0                gdt_copy
                0x000000000011dc00                bootinfo
                0x000000000011dc04                bootsign
 .data          0x000000000011dc08        0x0 binaries/mkbufpool.o
 .data          0x000000000011dc08        0x2 binaries/newqueue.o
 .data          0x000000000011dc0a        0x0 binaries/open.o
 .data          0x000000000011dc0a        0x0 binaries/panic.o
 .data          0x000000000011dc0a        0x0 binaries/pci.o
 .data          0x000000000011dc0a        0x0 binaries/platinit.o
 .data          0x000000000011dc0a        0x0 binaries/ptclear.o
 .data          0x000000000011dc0a        0x0 binaries/ptcount.o
 .data          0x000000000011dc0a        0x0 binaries/ptcreate.o
 .data          0x000000000011dc0a        0x0 binaries/ptdelete.o
 .data          0x000000000011dc0a        0x0 binaries/ptinit.o
 .data          0x000000000011dc0a        0x0 binaries/ptrecv.o
 .data          0x000000000011dc0a        0x0 binaries/ptreset.o
 .data          0x000000000011dc0a        0x0 binaries/ptsend.o
 .data          0x000000000011dc0a        0x0 binaries/putc.o
 .data          0x000000000011dc0a        0x0 binaries/quark_irq.o
 .data          0x000000000011dc0a        0x0 binaries/quark_pdat.o
 .data          0x000000000011dc0a        0x0 binaries/queue.o
 .data          0x000000000011dc0a        0x0 binaries/read.o
 .data          0x000000000011dc0a        0x0 binaries/ready.o
 .data          0x000000000011dc0a        0x0 binaries/receive.o
 .data          0x000000000011dc0a        0x0 binaries/recvclr.o
 .data          0x000000000011dc0a        0x0 binaries/recvtime.o
 .data          0x000000000011dc0a        0x0 binaries/resched.o
 .data          0x000000000011dc0a        0x0 binaries/resume.o
 .data          0x000000000011dc0a        0x0 binaries/seek.o
 .data          0x000000000011dc0a        0x0 binaries/semcount.o
 .data          0x000000000011dc0a        0x0 binaries/semcreate.o
 .data          0x000000000011dc0a        0x0 binaries/semdelete.o
 .data          0x000000000011dc0a        0x0 binaries/semreset.o
 .data          0x000000000011dc0a        0x0 binaries/send.o
 .data          0x000000000011dc0a        0x0 binaries/signal.o
 .data          0x000000000011dc0a        0x0 binaries/signaln.o
 .data          0x000000000011dc0a        0x0 binaries/sleep.o
 .data          0x000000000011dc0a        0x0 binaries/suspend.o
 .data          0x000000000011dc0a        0x0 binaries/unsleep.o
 .data          0x000000000011dc0a        0x0 binaries/userret.o
 .data          0x000000000011dc0a        0x0 binaries/wait.o
 .data          0x000000000011dc0a        0x0 binaries/wakeup.o
 .data          0x000000000011dc0a        0x0 binaries/write.o
 .data          0x000000000011dc0a        0x0 binaries/xdone.o
 .data          0x000000000011dc0a        0x0 binaries/yield.o
 .data          0x000000000011dc0a        0x0 binaries/abs.o
 .data          0x000000000011dc0a        0x0 binaries/atoi.o
 .data          0x000000000011dc0a        0x0 binaries/atol.o
 .data          0x000000000011dc0a        0x0 binaries/bzero.o
 .data          0x000000000011dc0a        0x0 binaries/ctype_.o
 .data          0x000000000011dc0a        0x0 binaries/doprnt.o
 *fill*         0x000000000011dc0a       0x16 
 .data          0x000000000011dc20       0x80 binaries/doscan.o
                0x000000000011dc20                _sctab
 .data          0x000000000011dca0        0x0 binaries/fdoprnt.o
 .data          0x000000000011dca0        0x0 binaries/fgetc.o
 .data          0x000000000011dca0        0x0 binaries/fgets.o
 .data          0x000000000011dca0        0x0 binaries/fprintf.o
 .data          0x000000000011dca0        0x0 binaries/fputc.o
 .data          0x000000000011dca0        0x0 binaries/fputs.o
 .data          0x000000000011dca0        0x0 binaries/fscanf.o
 .data          0x000000000011dca0        0x0 binaries/getchar.o
 .data          0x000000000011dca0        0x0 binaries/labs.o
 .data          0x000000000011dca0        0x0 binaries/memchr.o
 .data          0x000000000011dca0        0x0 binaries/memcmp.o
 .data          0x000000000011dca0        0x0 binaries/memcpy.o
 .data          0x000000000011dca0        0x0 binaries/memset.o
 .data          0x000000000011dca0        0x0 binaries/printf.o
 .data          0x000000000011dca0        0x0 binaries/putchar.o
 .data          0x000000000011dca0        0x0 binaries/qsort.o
 .data          0x000000000011dca0        0x4 binaries/rand.o
 .data          0x000000000011dca4        0x0 binaries/sprintf.o
 .data          0x000000000011dca4        0x0 binaries/sscanf.o
 .data          0x000000000011dca4        0x0 binaries/strchr.o
 .data          0x000000000011dca4        0x0 binaries/strcmp.o
 .data          0x000000000011dca4        0x0 binaries/strcpy.o
 .data          0x000000000011dca4        0x0 binaries/strlen.o
 .data          0x000000000011dca4        0x0 binaries/strncat.o
 .data          0x000000000011dca4        0x0 binaries/strncmp.o
 .data          0x000000000011dca4        0x0 binaries/strncpy.o
 .data          0x000000000011dca4        0x0 binaries/strnlen.o
 .data          0x000000000011dca4        0x0 binaries/strrchr.o
 .data          0x000000000011dca4        0x0 binaries/strstr.o
 .data          0x000000000011dca4        0x0 binaries/ttycontrol.o
 .data          0x000000000011dca4        0x0 binaries/ttygetc.o
 .data          0x000000000011dca4        0x0 binaries/ttyhandle_in.o
 .data          0x000000000011dca4        0x0 binaries/ttyhandle_out.o
 .data          0x000000000011dca4        0x0 binaries/ttyhandler.o
 .data          0x000000000011dca4        0x0 binaries/ttyinit.o
 .data          0x000000000011dca4        0x0 binaries/ttykickout.o
 .data          0x000000000011dca4        0x0 binaries/ttyputc.o
 .data          0x000000000011dca4        0x0 binaries/ttyread.o
 .data          0x000000000011dca4        0x0 binaries/ttywrite.o
 .data          0x000000000011dca4        0x0 binaries/mount.o
 .data          0x000000000011dca4        0x0 binaries/naminit.o
 .data          0x000000000011dca4        0x0 binaries/nammap.o
 .data          0x000000000011dca4        0x0 binaries/namopen.o
 .data          0x000000000011dca4        0x0 binaries/colon2mac.o
 .data          0x000000000011dca4        0x0 binaries/ethcontrol.o
 .data          0x000000000011dca4        0x0 binaries/ethhandler.o
 .data          0x000000000011dca4        0x0 binaries/ethinit.o
 .data          0x000000000011dca4        0x0 binaries/ethmcast.o
 .data          0x000000000011dca4        0x0 binaries/ethread.o
 .data          0x000000000011dca4        0x0 binaries/ethwrite.o
 .data          0x000000000011dca4        0x0 binaries/rdsbufalloc.o
 .data          0x000000000011dca4        0x0 binaries/rdsclose.o
 .data          0x000000000011dca4        0x0 binaries/rdscomm.o
 .data          0x000000000011dca4        0x0 binaries/rdscontrol.o
 .data          0x000000000011dca4        0x0 binaries/rdsinit.o
 .data          0x000000000011dca4        0x0 binaries/rdsopen.o
 .data          0x000000000011dca4        0x0 binaries/rdsprocess.o
 .data          0x000000000011dca4        0x0 binaries/rdsread.o
 .data          0x000000000011dca4        0x0 binaries/rdswrite.o
 .data          0x000000000011dca4        0x0 binaries/ramclose.o
 .data          0x000000000011dca4        0x0 binaries/raminit.o
 .data          0x000000000011dca4        0x0 binaries/ramopen.o
 .data          0x000000000011dca4        0x0 binaries/ramread.o
 .data          0x000000000011dca4        0x0 binaries/ramwrite.o
 .data          0x000000000011dca4        0x0 binaries/lfdballoc.o
 .data          0x000000000011dca4        0x0 binaries/lfdbfree.o
 .data          0x000000000011dca4        0x0 binaries/lfflush.o
 .data          0x000000000011dca4        0x0 binaries/lfgetmode.o
 .data          0x000000000011dca4        0x0 binaries/lfiballoc.o
 .data          0x000000000011dca4        0x0 binaries/lfibclear.o
 .data          0x000000000011dca4        0x0 binaries/lfibget.o
 .data          0x000000000011dca4        0x0 binaries/lfibput.o
 .data          0x000000000011dca4        0x0 binaries/lflclose.o
 .data          0x000000000011dca4        0x0 binaries/lflcontrol.o
 .data          0x000000000011dca4        0x0 binaries/lflgetc.o
 .data          0x000000000011dca4        0x0 binaries/lflinit.o
 .data          0x000000000011dca4        0x0 binaries/lflputc.o
 .data          0x000000000011dca4        0x0 binaries/lflread.o
 .data          0x000000000011dca4        0x0 binaries/lflseek.o
 .data          0x000000000011dca4        0x0 binaries/lflwrite.o
 .data          0x000000000011dca4        0x0 binaries/lfsckfmt.o
 .data          0x000000000011dca4        0x0 binaries/lfscreate.o
 .data          0x000000000011dca4        0x0 binaries/lfsetup.o
 .data          0x000000000011dca4        0x0 binaries/lfsinit.o
 .data          0x000000000011dca4        0x0 binaries/lfsopen.o
 .data          0x000000000011dca4        0x0 binaries/lftruncate.o
 .data          0x000000000011dca4        0x0 binaries/rflclose.o
 .data          0x000000000011dca4        0x0 binaries/rflgetc.o
 .data          0x000000000011dca4        0x0 binaries/rflinit.o
 .data          0x000000000011dca4        0x0 binaries/rflputc.o
 .data          0x000000000011dca4        0x0 binaries/rflread.o
 .data          0x000000000011dca4        0x0 binaries/rflseek.o
 .data          0x000000000011dca4        0x0 binaries/rflwrite.o
 .data          0x000000000011dca4        0x0 binaries/rfscomm.o
 .data          0x000000000011dca4        0x0 binaries/rfscontrol.o
 .data          0x000000000011dca4        0x0 binaries/rfsgetmode.o
 .data          0x000000000011dca4        0x0 binaries/rfsinit.o
 .data          0x000000000011dca4        0x0 binaries/rfsndmsg.o
 .data          0x000000000011dca4        0x0 binaries/rfsopen.o
 .data          0x000000000011dca4        0x0 binaries/arp.o
 .data          0x000000000011dca4        0x0 binaries/dhcp.o
 .data          0x000000000011dca4        0x0 binaries/dot2ip.o
 .data          0x000000000011dca4        0x0 binaries/hexdump.o
 .data          0x000000000011dca4        0x4 binaries/icmp.o
 .data          0x000000000011dca8        0x0 binaries/ip.o
 .data          0x000000000011dca8        0x0 binaries/net.o
 .data          0x000000000011dca8        0x0 binaries/netstart.o
 .data          0x000000000011dca8        0x0 binaries/pdump.o
 .data          0x000000000011dca8        0x0 binaries/tftp.o
 .data          0x000000000011dca8        0x4 binaries/udp.o
 .data          0x000000000011dcac        0x0 binaries/addargs.o
 .data          0x000000000011dcac        0x0 binaries/lexan.o
 .data          0x000000000011dcac        0x4 binaries/shell.o
                0x000000000011dcac                ncmd
 *fill*         0x000000000011dcb0       0x10 
 .data.rel.ro   0x000000000011dcc0       0xfc binaries/shell.o
                0x000000000011dcc0                cmdtab
 .data          0x000000000011ddbc        0x0 binaries/xsh_argecho.o
 .data          0x000000000011ddbc        0x0 binaries/xsh_arp.o
 .data          0x000000000011ddbc        0x0 binaries/xsh_cat.o
 .data          0x000000000011ddbc        0x0 binaries/xsh_clear.o
 .data          0x000000000011ddbc        0x0 binaries/xsh_date.o
 .data          0x000000000011ddbc        0x0 binaries/xsh_devdump.o
 .data          0x000000000011ddbc        0x0 binaries/xsh_echo.o
 .data          0x000000000011ddbc        0x0 binaries/xsh_exit.o
 .data          0x000000000011ddbc        0x0 binaries/xsh_help.o
 .data          0x000000000011ddbc        0x0 binaries/xsh_ipaddr.o
 .data          0x000000000011ddbc        0x0 binaries/xsh_kill.o
 .data          0x000000000011ddbc        0x0 binaries/xsh_memdump.o
 .data          0x000000000011ddbc        0x0 binaries/xsh_memstat.o